Archive member included to satisfy reference by file (symbol)

C:/ST/STM32CubeIDE_1.13.2/STM32CubeIDE/plugins/com.st.stm32cube.ide.mcu.externaltools.gnu-tools-for-stm32.12.3.rel1.win32_1.0.100.202403111256/tools/bin/../lib/gcc/arm-none-eabi/12.3.1/../../../../arm-none-eabi/lib/thumb/v7e-m+fp/hard\libc_nano.a(libc_a-exit.o)
                              C:/ST/STM32CubeIDE_1.13.2/STM32CubeIDE/plugins/com.st.stm32cube.ide.mcu.externaltools.gnu-tools-for-stm32.12.3.rel1.win32_1.0.100.202403111256/tools/bin/../lib/gcc/arm-none-eabi/12.3.1/../../../../arm-none-eabi/lib/thumb/v7e-m+fp/hard/crt0.o (exit)
C:/ST/STM32CubeIDE_1.13.2/STM32CubeIDE/plugins/com.st.stm32cube.ide.mcu.externaltools.gnu-tools-for-stm32.12.3.rel1.win32_1.0.100.202403111256/tools/bin/../lib/gcc/arm-none-eabi/12.3.1/../../../../arm-none-eabi/lib/thumb/v7e-m+fp/hard\libc_nano.a(libc_a-findfp.o)
                              C:/ST/STM32CubeIDE_1.13.2/STM32CubeIDE/plugins/com.st.stm32cube.ide.mcu.externaltools.gnu-tools-for-stm32.12.3.rel1.win32_1.0.100.202403111256/tools/bin/../lib/gcc/arm-none-eabi/12.3.1/../../../../arm-none-eabi/lib/thumb/v7e-m+fp/hard\libc_nano.a(libc_a-exit.o) (__stdio_exit_handler)
C:/ST/STM32CubeIDE_1.13.2/STM32CubeIDE/plugins/com.st.stm32cube.ide.mcu.externaltools.gnu-tools-for-stm32.12.3.rel1.win32_1.0.100.202403111256/tools/bin/../lib/gcc/arm-none-eabi/12.3.1/../../../../arm-none-eabi/lib/thumb/v7e-m+fp/hard\libc_nano.a(libc_a-fwalk.o)
                              C:/ST/STM32CubeIDE_1.13.2/STM32CubeIDE/plugins/com.st.stm32cube.ide.mcu.externaltools.gnu-tools-for-stm32.12.3.rel1.win32_1.0.100.202403111256/tools/bin/../lib/gcc/arm-none-eabi/12.3.1/../../../../arm-none-eabi/lib/thumb/v7e-m+fp/hard\libc_nano.a(libc_a-findfp.o) (_fwalk_sglue)
C:/ST/STM32CubeIDE_1.13.2/STM32CubeIDE/plugins/com.st.stm32cube.ide.mcu.externaltools.gnu-tools-for-stm32.12.3.rel1.win32_1.0.100.202403111256/tools/bin/../lib/gcc/arm-none-eabi/12.3.1/../../../../arm-none-eabi/lib/thumb/v7e-m+fp/hard\libc_nano.a(libc_a-stdio.o)
                              C:/ST/STM32CubeIDE_1.13.2/STM32CubeIDE/plugins/com.st.stm32cube.ide.mcu.externaltools.gnu-tools-for-stm32.12.3.rel1.win32_1.0.100.202403111256/tools/bin/../lib/gcc/arm-none-eabi/12.3.1/../../../../arm-none-eabi/lib/thumb/v7e-m+fp/hard\libc_nano.a(libc_a-findfp.o) (__sread)
C:/ST/STM32CubeIDE_1.13.2/STM32CubeIDE/plugins/com.st.stm32cube.ide.mcu.externaltools.gnu-tools-for-stm32.12.3.rel1.win32_1.0.100.202403111256/tools/bin/../lib/gcc/arm-none-eabi/12.3.1/../../../../arm-none-eabi/lib/thumb/v7e-m+fp/hard\libc_nano.a(libc_a-memset.o)
                              C:/ST/STM32CubeIDE_1.13.2/STM32CubeIDE/plugins/com.st.stm32cube.ide.mcu.externaltools.gnu-tools-for-stm32.12.3.rel1.win32_1.0.100.202403111256/tools/bin/../lib/gcc/arm-none-eabi/12.3.1/../../../../arm-none-eabi/lib/thumb/v7e-m+fp/hard/crt0.o (memset)
C:/ST/STM32CubeIDE_1.13.2/STM32CubeIDE/plugins/com.st.stm32cube.ide.mcu.externaltools.gnu-tools-for-stm32.12.3.rel1.win32_1.0.100.202403111256/tools/bin/../lib/gcc/arm-none-eabi/12.3.1/../../../../arm-none-eabi/lib/thumb/v7e-m+fp/hard\libc_nano.a(libc_a-closer.o)
                              C:/ST/STM32CubeIDE_1.13.2/STM32CubeIDE/plugins/com.st.stm32cube.ide.mcu.externaltools.gnu-tools-for-stm32.12.3.rel1.win32_1.0.100.202403111256/tools/bin/../lib/gcc/arm-none-eabi/12.3.1/../../../../arm-none-eabi/lib/thumb/v7e-m+fp/hard\libc_nano.a(libc_a-stdio.o) (_close_r)
C:/ST/STM32CubeIDE_1.13.2/STM32CubeIDE/plugins/com.st.stm32cube.ide.mcu.externaltools.gnu-tools-for-stm32.12.3.rel1.win32_1.0.100.202403111256/tools/bin/../lib/gcc/arm-none-eabi/12.3.1/../../../../arm-none-eabi/lib/thumb/v7e-m+fp/hard\libc_nano.a(libc_a-reent.o)
                              C:/ST/STM32CubeIDE_1.13.2/STM32CubeIDE/plugins/com.st.stm32cube.ide.mcu.externaltools.gnu-tools-for-stm32.12.3.rel1.win32_1.0.100.202403111256/tools/bin/../lib/gcc/arm-none-eabi/12.3.1/../../../../arm-none-eabi/lib/thumb/v7e-m+fp/hard\libc_nano.a(libc_a-closer.o) (errno)
C:/ST/STM32CubeIDE_1.13.2/STM32CubeIDE/plugins/com.st.stm32cube.ide.mcu.externaltools.gnu-tools-for-stm32.12.3.rel1.win32_1.0.100.202403111256/tools/bin/../lib/gcc/arm-none-eabi/12.3.1/../../../../arm-none-eabi/lib/thumb/v7e-m+fp/hard\libc_nano.a(libc_a-impure.o)
                              C:/ST/STM32CubeIDE_1.13.2/STM32CubeIDE/plugins/com.st.stm32cube.ide.mcu.externaltools.gnu-tools-for-stm32.12.3.rel1.win32_1.0.100.202403111256/tools/bin/../lib/gcc/arm-none-eabi/12.3.1/../../../../arm-none-eabi/lib/thumb/v7e-m+fp/hard\libc_nano.a(libc_a-reent.o) (_impure_ptr)
C:/ST/STM32CubeIDE_1.13.2/STM32CubeIDE/plugins/com.st.stm32cube.ide.mcu.externaltools.gnu-tools-for-stm32.12.3.rel1.win32_1.0.100.202403111256/tools/bin/../lib/gcc/arm-none-eabi/12.3.1/../../../../arm-none-eabi/lib/thumb/v7e-m+fp/hard\libc_nano.a(libc_a-lseekr.o)
[...]
Memory Configuration

Name             Origin             Length             Attributes
CCMRAM           0x10000000         0x00001000         xrw
RAM              0x20000000         0x00003000         xrw
FLASH            0x08000000         0x00010000         xr
*default*        0x00000000         0xffffffff

Linker script and memory map

LOAD C:/ST/STM32CubeIDE_1.13.2/STM32CubeIDE/plugins/com.st.stm32cube.ide.mcu.externaltools.gnu-tools-for-stm32.12.3.rel1.win32_1.0.100.202403111256/tools/bin/../lib/gcc/arm-none-eabi/12.3.1/thumb/v7e-m+fp/hard/crti.o
LOAD C:/ST/STM32CubeIDE_1.13.2/STM32CubeIDE/plugins/com.st.stm32cube.ide.mcu.externaltools.gnu-tools-for-stm32.12.3.rel1.win32_1.0.100.202403111256/tools/bin/../lib/gcc/arm-none-eabi/12.3.1/thumb/v7e-m+fp/hard/crtbegin.o
LOAD C:/ST/STM32CubeIDE_1.13.2/STM32CubeIDE/plugins/com.st.stm32cube.ide.mcu.externaltools.gnu-tools-for-stm32.12.3.rel1.win32_1.0.100.202403111256/tools/bin/../lib/gcc/arm-none-eabi/12.3.1/../../../../arm-none-eabi/lib/thumb/v7e-m+fp/hard/crt0.o
LOAD ./Core/Src/LoRa.o
LOAD ./Core/Src/app_statemachine.o
LOAD ./Core/Src/main.o
LOAD ./Core/Src/stm32f3xx_hal_msp.o
LOAD ./Core/Src/stm32f3xx_it.o
LOAD ./Core/Src/syscalls.o
LOAD ./Core/Src/sysmem.o
LOAD ./Core/Src/system_stm32f3xx.o
LOAD ./Core/Startup/startup_stm32f303k8tx.o
LOAD ./Drivers/STM32F3xx_HAL_Driver/Src/stm32f3xx_hal.o
LOAD ./Drivers/STM32F3xx_HAL_Driver/Src/stm32f3xx_hal_adc.o
LOAD ./Drivers/STM32F3xx_HAL_Driver/Src/stm32f3xx_hal_adc_ex.o
LOAD ./Drivers/STM32F3xx_HAL_Driver/Src/stm32f3xx_hal_cortex.o
LOAD ./Drivers/STM32F3xx_HAL_Driver/Src/stm32f3xx_hal_dma.o
LOAD ./Drivers/STM32F3xx_HAL_Driver/Src/stm32f3xx_hal_exti.o
LOAD ./Drivers/STM32F3xx_HAL_Driver/Src/stm32f3xx_hal_flash.o
LOAD ./Drivers/STM32F3xx_HAL_Driver/Src/stm32f3xx_hal_flash_ex.o
LOAD ./Drivers/STM32F3xx_HAL_Driver/Src/stm32f3xx_hal_gpio.o
LOAD ./Drivers/STM32F3xx_HAL_Driver/Src/stm32f3xx_hal_i2c.o
LOAD ./Drivers/STM32F3xx_HAL_Driver/Src/stm32f3xx_hal_i2c_ex.o
LOAD ./Drivers/STM32F3xx_HAL_Driver/Src/stm32f3xx_hal_pwr.o
LOAD ./Drivers/STM32F3xx_HAL_Driver/Src/stm32f3xx_hal_pwr_ex.o
LOAD ./Drivers/STM32F3xx_HAL_Driver/Src/stm32f3xx_hal_rcc.o
LOAD ./Drivers/STM32F3xx_HAL_Driver/Src/stm32f3xx_hal_rcc_ex.o
LOAD ./Drivers/STM32F3xx_HAL_Driver/Src/stm32f3xx_hal_spi.o
LOAD ./Drivers/STM32F3xx_HAL_Driver/Src/stm32f3xx_hal_spi_ex.o
LOAD ./Drivers/STM32F3xx_HAL_Driver/Src/stm32f3xx_hal_tim.o
LOAD ./Drivers/STM32F3xx_HAL_Driver/Src/stm32f3xx_hal_tim_ex.o
LOAD ./Drivers/STM32F3xx_HAL_Driver/Src/stm32f3xx_hal_uart.o
LOAD ./Drivers/STM32F3xx_HAL_Driver/Src/stm32f3xx_hal_uart_ex.o
START GROUP
LOAD C:/ST/STM32CubeIDE_1.13.2/STM32CubeIDE/plugins/com.st.stm32cube.ide.mcu.externaltools.gnu-tools-for-stm32.12.3.rel1.win32_1.0.100.202403111256/tools/bin/../lib/gcc/arm-none-eabi/12.3.1/../../../../arm-none-eabi/lib/thumb/v7e-m+fp/hard\libc_nano.a
LOAD C:/ST/STM32CubeIDE_1.13.2/STM32CubeIDE/plugins/com.st.stm32cube.ide.mcu.externaltools.gnu-tools-for-stm32.12.3.rel1.win32_1.0.100.202403111256/tools/bin/../lib/gcc/arm-none-eabi/12.3.1/../../../../arm-none-eabi/lib/thumb/v7e-m+fp/hard\libm.a
END GROUP
START GROUP
LOAD C:/ST/STM32CubeIDE_1.13.2/STM32CubeIDE/plugins/com.st.stm32cube.ide.mcu.externaltools.gnu-tools-for-stm32.12.3.rel1.win32_1.0.100.202403111256/tools/bin/../lib/gcc/arm-none-eabi/12.3.1/thumb/v7e-m+fp/hard\libgcc.a
LOAD C:/ST/STM32CubeIDE_1.13.2/STM32CubeIDE/plugins/com.st.stm32cube.ide.mcu.externaltools.gnu-tools-for-stm32.12.3.rel1.win32_1.0.100.202403111256/tools/bin/../lib/gcc/arm-none-eabi/12.3.1/../../../../arm-none-eabi/lib/thumb/v7e-m+fp/hard\libc_nano.a
END GROUP
START GROUP
LOAD C:/ST/STM32CubeIDE_1.13.2/STM32CubeIDE/plugins/com.st.stm32cube.ide.mcu.externaltools.gnu-tools-for-stm32.12.3.rel1.win32_1.0.100.202403111256/tools/bin/../lib/gcc/arm-none-eabi/12.3.1/thumb/v7e-m+fp/hard\libgcc.a
LOAD C:/ST/STM32CubeIDE_1.13.2/STM32CubeIDE/plugins/com.st.stm32cube.ide.mcu.externaltools.gnu-tools-for-stm32.12.3.rel1.win32_1.0.100.202403111256/tools/bin/../lib/gcc/arm-none-eabi/12.3.1/../../../../arm-none-eabi/lib/thumb/v7e-m+fp/hard\libc_nano.a
LOAD C:/ST/STM32CubeIDE_1.13.2/STM32CubeIDE/plugins/com.st.stm32cube.ide.mcu.externaltools.gnu-tools-for-stm32.12.3.rel1.win32_1.0.100.202403111256/tools/bin/../lib/gcc/arm-none-eabi/12.3.1/../../../../arm-none-eabi/lib/thumb/v7e-m+fp/hard\libnosys.a
END GROUP
START GROUP
LOAD C:/ST/STM32CubeIDE_1.13.2/STM32CubeIDE/plugins/com.st.stm32cube.ide.mcu.externaltools.gnu-tools-for-stm32.12.3.rel1.win32_1.0.100.202403111256/tools/bin/../lib/gcc/arm-none-eabi/12.3.1/thumb/v7e-m+fp/hard\libgcc.a
LOAD C:/ST/STM32CubeIDE_1.13.2/STM32CubeIDE/plugins/com.st.stm32cube.ide.mcu.externaltools.gnu-tools-for-stm32.12.3.rel1.win32_1.0.100.202403111256/tools/bin/../lib/gcc/arm-none-eabi/12.3.1/../../../../arm-none-eabi/lib/thumb/v7e-m+fp/hard\libc_nano.a
LOAD C:/ST/STM32CubeIDE_1.13.2/STM32CubeIDE/plugins/com.st.stm32cube.ide.mcu.externaltools.gnu-tools-for-stm32.12.3.rel1.win32_1.0.100.202403111256/tools/bin/../lib/gcc/arm-none-eabi/12.3.1/../../../../arm-none-eabi/lib/thumb/v7e-m+fp/hard\libnosys.a
END GROUP
LOAD C:/ST/STM32CubeIDE_1.13.2/STM32CubeIDE/plugins/com.st.stm32cube.ide.mcu.externaltools.gnu-tools-for-stm32.12.3.rel1.win32_1.0.100.202403111256/tools/bin/../lib/gcc/arm-none-eabi/12.3.1/thumb/v7e-m+fp/hard/crtend.o
LOAD C:/ST/STM32CubeIDE_1.13.2/STM32CubeIDE/plugins/com.st.stm32cube.ide.mcu.externaltools.gnu-tools-for-stm32.12.3.rel1.win32_1.0.100.202403111256/tools/bin/../lib/gcc/arm-none-eabi/12.3.1/thumb/v7e-m+fp/hard/crtn.o
                0x20003000                        _estack = (ORIGIN (RAM) + LENGTH (RAM))
                0x00000200                        _Min_Heap_Size = 0x200
                0x00000400                        _Min_Stack_Size = 0x400

.isr_vector     0x08000000      0x188
                0x08000000                        . = ALIGN (0x4)
 *(.isr_vector)
 .isr_vector    0x08000000      0x188 ./Core/Startup/startup_stm32f303k8tx.o
                0x08000000                g_pfnVectors
                0x08000188                        . = ALIGN (0x4)

.text           0x08000188     0x6d80
                0x08000188                        . = ALIGN (0x4)
 *(.text)
 .text          0x08000188       0x40 C:/ST/STM32CubeIDE_1.13.2/STM32CubeIDE/plugins/com.st.stm32cube.ide.mcu.externaltools.gnu-tools-for-stm32.12.3.rel1.win32_1.0.100.202403111256/tools/bin/../lib/gcc/arm-none-eabi/12.3.1/thumb/v7e-m+fp/hard/crtbegin.o
 .text          0x080001c8      0x378 C:/ST/STM32CubeIDE_1.13.2/STM32CubeIDE/plugins/com.st.stm32cube.ide.mcu.externaltools.gnu-tools-for-stm32.12.3.rel1.win32_1.0.100.202403111256/tools/bin/../lib/gcc/arm-none-eabi/12.3.1/thumb/v7e-m+fp/hard\libgcc.a(_arm_addsubdf3.o)
                0x080001c8                __aeabi_drsub
                0x080001d0                __aeabi_dsub
                0x080001d0                __subdf3
                0x080001d4                __aeabi_dadd
                0x080001d4                __adddf3
                0x0800044c                __floatunsidf
                0x0800044c                __aeabi_ui2d
                0x0800046c                __floatsidf
                0x0800046c                __aeabi_i2d
                0x08000490                __aeabi_f2d
                0x08000490                __extendsfdf2
                0x080004d4                __floatundidf
                0x080004d4                __aeabi_ul2d
                0x080004e4                __floatdidf
                0x080004e4                __aeabi_l2d
 .text          0x08000540      0x424 C:/ST/STM32CubeIDE_1.13.2/STM32CubeIDE/plugins/com.st.stm32cube.ide.mcu.externaltools.gnu-tools-for-stm32.12.3.rel1.win32_1.0.100.202403111256/tools/bin/../lib/gcc/arm-none-eabi/12.3.1/thumb/v7e-m+fp/hard\libgcc.a(_arm_muldivdf3.o)
                0x08000540                __aeabi_dmul
                0x08000540                __muldf3
                0x08000794                __divdf3
                0x08000794                __aeabi_ddiv
 .text          0x08000964       0x50 C:/ST/STM32CubeIDE_1.13.2/STM32CubeIDE/plugins/com.st.stm32cube.ide.mcu.externaltools.gnu-tools-for-stm32.12.3.rel1.win32_1.0.100.202403111256/tools/bin/../lib/gcc/arm-none-eabi/12.3.1/thumb/v7e-m+fp/hard\libgcc.a(_arm_fixdfsi.o)
                0x08000964                __aeabi_d2iz
                0x08000964                __fixdfsi
 *(.text*)
 .text.newLoRa  0x080009b4       0x52 ./Core/Src/LoRa.o
                0x080009b4                newLoRa
 .text.LoRa_reset
                0x08000a06       0x3c ./Core/Src/LoRa.o
                0x08000a06                LoRa_reset
 .text.LoRa_gotoMode
                0x08000a42       0xc2 ./Core/Src/LoRa.o
                0x08000a42                LoRa_gotoMode
 .text.LoRa_readReg
                0x08000b04       0x7c ./Core/Src/LoRa.o
                0x08000b04                LoRa_readReg
 .text.LoRa_writeReg
                0x08000b80       0x7c ./Core/Src/LoRa.o
                0x08000b80                LoRa_writeReg
 .text.LoRa_setLowDaraRateOptimization
                0x08000bfc       0x4a ./Core/Src/LoRa.o
                0x08000bfc                LoRa_setLowDaraRateOptimization
 *fill*         0x08000c46        0x2 
 .text.LoRa_setAutoLDO
                0x08000c48       0x6c ./Core/Src/LoRa.o
                0x08000c48                LoRa_setAutoLDO
 .text.LoRa_setFrequency
                0x08000cb4       0x60 ./Core/Src/LoRa.o
                0x08000cb4                LoRa_setFrequency
 .text.LoRa_setSpreadingFactor
                0x08000d14       0x64 ./Core/Src/LoRa.o
                0x08000d14                LoRa_setSpreadingFactor
 .text.LoRa_setPower
                0x08000d78       0x26 ./Core/Src/LoRa.o
                0x08000d78                LoRa_setPower
 *fill*         0x08000d9e        0x2 
 .text.LoRa_setOCP
                0x08000da0       0x7c ./Core/Src/LoRa.o
                0x08000da0                LoRa_setOCP
 .text.LoRa_setTOMsb_setCRCon
                0x08000e1c       0x36 ./Core/Src/LoRa.o
                0x08000e1c                LoRa_setTOMsb_setCRCon
 .text.LoRa_read
                0x08000e52       0x34 ./Core/Src/LoRa.o
                0x08000e52                LoRa_read
 .text.LoRa_write
                0x08000e86       0x3a ./Core/Src/LoRa.o
                0x08000e86                LoRa_write
 .text.LoRa_isvalid
                0x08000ec0       0x16 ./Core/Src/LoRa.o
                0x08000ec0                LoRa_isvalid
 .text.LoRa_init
                0x08000ed6      0x14e ./Core/Src/LoRa.o
                0x08000ed6                LoRa_init
 .text.newController
                0x08001024       0x46 ./Core/Src/app_statemachine.o
                0x08001024                newController
 *fill*         0x0800106a        0x2 
 .text.App_StateMachine_Update
                0x0800106c       0x6c ./Core/Src/app_statemachine.o
                0x0800106c                App_StateMachine_Update
 .text.Controller_steer_thrust
                0x080010d8       0x7a ./Core/Src/app_statemachine.o
                0x080010d8                Controller_steer_thrust
 *fill*         0x08001152        0x2 
 .text.HAL_GPIO_EXTI_Callback
                0x08001154      0x120 ./Core/Src/main.o
                0x08001154                HAL_GPIO_EXTI_Callback
 .text.main     0x08001274       0xec ./Core/Src/main.o
                0x08001274                main
 .text.SystemClock_Config
                0x08001360       0xb8 ./Core/Src/main.o
                0x08001360                SystemClock_Config
 .text.MX_ADC1_Init
                0x08001418       0xe0 ./Core/Src/main.o
 .text.MX_ADC2_Init
                0x080014f8       0xbc ./Core/Src/main.o
 .text.MX_SPI1_Init
                0x080015b4       0x7c ./Core/Src/main.o
 .text.MX_TIM1_Init
                0x08001630       0xa8 ./Core/Src/main.o
 .text.MX_USART2_UART_Init
                0x080016d8       0x60 ./Core/Src/main.o
 .text.MX_GPIO_Init
                0x08001738      0x1b8 ./Core/Src/main.o
 .text.HAL_TIM_PeriodElapsedCallback
                0x080018f0       0x7c ./Core/Src/main.o
                0x080018f0                HAL_TIM_PeriodElapsedCallback
 .text.Error_Handler
                0x0800196c        0xc ./Core/Src/main.o
                0x0800196c                Error_Handler
 .text.HAL_MspInit
                0x08001978       0x48 ./Core/Src/stm32f3xx_hal_msp.o
                0x08001978                HAL_MspInit
 .text.HAL_ADC_MspInit
                0x080019c0      0x11c ./Core/Src/stm32f3xx_hal_msp.o
                0x080019c0                HAL_ADC_MspInit
 .text.HAL_SPI_MspInit
                0x08001adc       0xd0 ./Core/Src/stm32f3xx_hal_msp.o
                0x08001adc                HAL_SPI_MspInit
 .text.HAL_TIM_Base_MspInit
                0x08001bac       0x4c ./Core/Src/stm32f3xx_hal_msp.o
                0x08001bac                HAL_TIM_Base_MspInit
 .text.HAL_UART_MspInit
                0x08001bf8       0x88 ./Core/Src/stm32f3xx_hal_msp.o
                0x08001bf8                HAL_UART_MspInit
 .text.NMI_Handler
                0x08001c80        0x8 ./Core/Src/stm32f3xx_it.o
                0x08001c80                NMI_Handler
 .text.HardFault_Handler
                0x08001c88        0x8 ./Core/Src/stm32f3xx_it.o
                0x08001c88                HardFault_Handler
 .text.MemManage_Handler
                0x08001c90        0x8 ./Core/Src/stm32f3xx_it.o
                0x08001c90                MemManage_Handler
 .text.BusFault_Handler
                0x08001c98        0x8 ./Core/Src/stm32f3xx_it.o
                0x08001c98                BusFault_Handler
 .text.UsageFault_Handler
                0x08001ca0        0x8 ./Core/Src/stm32f3xx_it.o
                0x08001ca0                UsageFault_Handler
 .text.SVC_Handler
                0x08001ca8        0xe ./Core/Src/stm32f3xx_it.o
                0x08001ca8                SVC_Handler
 .text.DebugMon_Handler
                0x08001cb6        0xe ./Core/Src/stm32f3xx_it.o
                0x08001cb6                DebugMon_Handler
 .text.PendSV_Handler
                0x08001cc4        0xe ./Core/Src/stm32f3xx_it.o
                0x08001cc4                PendSV_Handler
 .text.SysTick_Handler
                0x08001cd2        0xc ./Core/Src/stm32f3xx_it.o
                0x08001cd2                SysTick_Handler
 .text.EXTI0_IRQHandler
                0x08001cde        0xe ./Core/Src/stm32f3xx_it.o
                0x08001cde                EXTI0_IRQHandler
 .text.EXTI1_IRQHandler
                0x08001cec        0xe ./Core/Src/stm32f3xx_it.o
                0x08001cec                EXTI1_IRQHandler
 .text.EXTI3_IRQHandler
                0x08001cfa        0xe ./Core/Src/stm32f3xx_it.o
                0x08001cfa                EXTI3_IRQHandler
 .text.ADC1_2_IRQHandler
                0x08001d08       0x1c ./Core/Src/stm32f3xx_it.o
                0x08001d08                ADC1_2_IRQHandler
 .text.EXTI9_5_IRQHandler
                0x08001d24       0x1c ./Core/Src/stm32f3xx_it.o
                0x08001d24                EXTI9_5_IRQHandler
 .text.TIM1_UP_TIM16_IRQHandler
                0x08001d40       0x14 ./Core/Src/stm32f3xx_it.o
                0x08001d40                TIM1_UP_TIM16_IRQHandler
 .text.SPI1_IRQHandler
                0x08001d54       0x14 ./Core/Src/stm32f3xx_it.o
                0x08001d54                SPI1_IRQHandler
 .text.EXTI15_10_IRQHandler
                0x08001d68       0x10 ./Core/Src/stm32f3xx_it.o
                0x08001d68                EXTI15_10_IRQHandler
 .text.SystemInit
                0x08001d78       0x24 ./Core/Src/system_stm32f3xx.o
                0x08001d78                SystemInit
 .text.Reset_Handler
                0x08001d9c       0x50 ./Core/Startup/startup_stm32f303k8tx.o
                0x08001d9c                Reset_Handler
 .text.Default_Handler
                0x08001dec        0x2 ./Core/Startup/startup_stm32f303k8tx.o
                0x08001dec                RTC_Alarm_IRQHandler
                0x08001dec                TIM1_CC_IRQHandler
                0x08001dec                PVD_IRQHandler
                0x08001dec                TAMP_STAMP_IRQHandler
                0x08001dec                FPU_IRQHandler
                0x08001dec                CAN_TX_IRQHandler
                0x08001dec                CAN_SCE_IRQHandler
                0x08001dec                DMA1_Channel4_IRQHandler
                0x08001dec                USART3_IRQHandler
                0x08001dec                DMA1_Channel7_IRQHandler
                0x08001dec                TIM7_DAC2_IRQHandler
                0x08001dec                CAN_RX1_IRQHandler
                0x08001dec                I2C1_EV_IRQHandler
                0x08001dec                DMA1_Channel6_IRQHandler
                0x08001dec                TIM3_IRQHandler
                0x08001dec                RCC_IRQHandler
                0x08001dec                DMA1_Channel1_IRQHandler
                0x08001dec                Default_Handler
                0x08001dec                COMP2_IRQHandler
                0x08001dec                TIM6_DAC1_IRQHandler
                0x08001dec                RTC_WKUP_IRQHandler
                0x08001dec                DMA1_Channel5_IRQHandler
                0x08001dec                EXTI4_IRQHandler
                0x08001dec                TIM1_TRG_COM_TIM17_IRQHandler
                0x08001dec                DMA1_Channel3_IRQHandler
                0x08001dec                WWDG_IRQHandler
                0x08001dec                TIM2_IRQHandler
                0x08001dec                COMP4_6_IRQHandler
                0x08001dec                USART2_IRQHandler
                0x08001dec                DMA1_Channel2_IRQHandler
                0x08001dec                FLASH_IRQHandler
                0x08001dec                USART1_IRQHandler
                0x08001dec                CAN_RX0_IRQHandler
                0x08001dec                I2C1_ER_IRQHandler
                0x08001dec                EXTI2_TSC_IRQHandler
                0x08001dec                TIM1_BRK_TIM15_IRQHandler
 *fill*         0x08001dee        0x2 
 .text.HAL_Init
                0x08001df0       0x2c ./Drivers/STM32F3xx_HAL_Driver/Src/stm32f3xx_hal.o
                0x08001df0                HAL_Init
 .text.HAL_InitTick
                0x08001e1c       0x60 ./Drivers/STM32F3xx_HAL_Driver/Src/stm32f3xx_hal.o
                0x08001e1c                HAL_InitTick
 .text.HAL_IncTick
                0x08001e7c       0x28 ./Drivers/STM32F3xx_HAL_Driver/Src/stm32f3xx_hal.o
                0x08001e7c                HAL_IncTick
 .text.HAL_GetTick
                0x08001ea4       0x18 ./Drivers/STM32F3xx_HAL_Driver/Src/stm32f3xx_hal.o
                0x08001ea4                HAL_GetTick
 .text.HAL_Delay
                0x08001ebc       0x48 ./Drivers/STM32F3xx_HAL_Driver/Src/stm32f3xx_hal.o
                0x08001ebc                HAL_Delay
 .text.HAL_ADC_ConvCpltCallback
                0x08001f04       0x14 ./Drivers/STM32F3xx_HAL_Driver/Src/stm32f3xx_hal_adc.o
                0x08001f04                HAL_ADC_ConvCpltCallback
 .text.HAL_ADC_LevelOutOfWindowCallback
                0x08001f18       0x14 ./Drivers/STM32F3xx_HAL_Driver/Src/stm32f3xx_hal_adc.o
                0x08001f18                HAL_ADC_LevelOutOfWindowCallback
 .text.HAL_ADC_ErrorCallback
                0x08001f2c       0x14 ./Drivers/STM32F3xx_HAL_Driver/Src/stm32f3xx_hal_adc.o
                0x08001f2c                HAL_ADC_ErrorCallback
 .text.HAL_ADC_Init
                0x08001f40      0x324 ./Drivers/STM32F3xx_HAL_Driver/Src/stm32f3xx_hal_adc_ex.o
                0x08001f40                HAL_ADC_Init
 .text.HAL_ADC_Start
                0x08002264      0x16c ./Drivers/STM32F3xx_HAL_Driver/Src/stm32f3xx_hal_adc_ex.o
                0x08002264                HAL_ADC_Start
 .text.HAL_ADC_GetValue
                0x080023d0       0x1a ./Drivers/STM32F3xx_HAL_Driver/Src/stm32f3xx_hal_adc_ex.o
                0x080023d0                HAL_ADC_GetValue
 *fill*         0x080023ea        0x2 
 .text.HAL_ADC_IRQHandler
                0x080023ec      0x3f4 ./Drivers/STM32F3xx_HAL_Driver/Src/stm32f3xx_hal_adc_ex.o
                0x080023ec                HAL_ADC_IRQHandler
 .text.HAL_ADCEx_InjectedConvCpltCallback
                0x080027e0       0x14 ./Drivers/STM32F3xx_HAL_Driver/Src/stm32f3xx_hal_adc_ex.o
                0x080027e0                HAL_ADCEx_InjectedConvCpltCallback
 .text.HAL_ADCEx_InjectedQueueOverflowCallback
                0x080027f4       0x14 ./Drivers/STM32F3xx_HAL_Driver/Src/stm32f3xx_hal_adc_ex.o
                0x080027f4                HAL_ADCEx_InjectedQueueOverflowCallback
 .text.HAL_ADCEx_LevelOutOfWindow2Callback
                0x08002808       0x14 ./Drivers/STM32F3xx_HAL_Driver/Src/stm32f3xx_hal_adc_ex.o
                0x08002808                HAL_ADCEx_LevelOutOfWindow2Callback
 .text.HAL_ADCEx_LevelOutOfWindow3Callback
                0x0800281c       0x14 ./Drivers/STM32F3xx_HAL_Driver/Src/stm32f3xx_hal_adc_ex.o
                0x0800281c                HAL_ADCEx_LevelOutOfWindow3Callback
 .text.HAL_ADC_ConfigChannel
                0x08002830      0x57c ./Drivers/STM32F3xx_HAL_Driver/Src/stm32f3xx_hal_adc_ex.o
                0x08002830                HAL_ADC_ConfigChannel
 .text.HAL_ADCEx_MultiModeConfigChannel
                0x08002dac      0x18c ./Drivers/STM32F3xx_HAL_Driver/Src/stm32f3xx_hal_adc_ex.o
                0x08002dac                HAL_ADCEx_MultiModeConfigChannel
 .text.ADC_Enable
                0x08002f38       0xc8 ./Drivers/STM32F3xx_HAL_Driver/Src/stm32f3xx_hal_adc_ex.o
 .text.ADC_Disable
                0x08003000       0xcc ./Drivers/STM32F3xx_HAL_Driver/Src/stm32f3xx_hal_adc_ex.o
 .text.__NVIC_SetPriorityGrouping
                0x080030cc       0x48 ./Drivers/STM32F3xx_HAL_Driver/Src/stm32f3xx_hal_cortex.o
 .text.__NVIC_GetPriorityGrouping
                0x08003114       0x1c ./Drivers/STM32F3xx_HAL_Driver/Src/stm32f3xx_hal_cortex.o
 .text.__NVIC_EnableIRQ
                0x08003130       0x3c ./Drivers/STM32F3xx_HAL_Driver/Src/stm32f3xx_hal_cortex.o
 .text.__NVIC_SetPriority
                0x0800316c       0x54 ./Drivers/STM32F3xx_HAL_Driver/Src/stm32f3xx_hal_cortex.o
 .text.NVIC_EncodePriority
                0x080031c0       0x66 ./Drivers/STM32F3xx_HAL_Driver/Src/stm32f3xx_hal_cortex.o
 *fill*         0x08003226        0x2 
 .text.SysTick_Config
                0x08003228       0x44 ./Drivers/STM32F3xx_HAL_Driver/Src/stm32f3xx_hal_cortex.o
 .text.HAL_NVIC_SetPriorityGrouping
                0x0800326c       0x16 ./Drivers/STM32F3xx_HAL_Driver/Src/stm32f3xx_hal_cortex.o
                0x0800326c                HAL_NVIC_SetPriorityGrouping
 .text.HAL_NVIC_SetPriority
                0x08003282       0x38 ./Drivers/STM32F3xx_HAL_Driver/Src/stm32f3xx_hal_cortex.o
                0x08003282                HAL_NVIC_SetPriority
 .text.HAL_NVIC_EnableIRQ
                0x080032ba       0x1c ./Drivers/STM32F3xx_HAL_Driver/Src/stm32f3xx_hal_cortex.o
                0x080032ba                HAL_NVIC_EnableIRQ
 .text.HAL_SYSTICK_Config
                0x080032d6       0x18 ./Drivers/STM32F3xx_HAL_Driver/Src/stm32f3xx_hal_cortex.o
                0x080032d6                HAL_SYSTICK_Config
 .text.HAL_DMA_Abort_IT
                0x080032ee       0x7c ./Drivers/STM32F3xx_HAL_Driver/Src/stm32f3xx_hal_dma.o
                0x080032ee                HAL_DMA_Abort_IT
 *fill*         0x0800336a        0x2 
 .text.HAL_GPIO_Init
                0x0800336c      0x2e4 ./Drivers/STM32F3xx_HAL_Driver/Src/stm32f3xx_hal_gpio.o
                0x0800336c                HAL_GPIO_Init
 .text.HAL_GPIO_WritePin
                0x08003650       0x30 ./Drivers/STM32F3xx_HAL_Driver/Src/stm32f3xx_hal_gpio.o
                0x08003650                HAL_GPIO_WritePin
 .text.HAL_GPIO_EXTI_IRQHandler
                0x08003680       0x30 ./Drivers/STM32F3xx_HAL_Driver/Src/stm32f3xx_hal_gpio.o
                0x08003680                HAL_GPIO_EXTI_IRQHandler
 .text.HAL_RCC_OscConfig
                0x080036b0     0x107c ./Drivers/STM32F3xx_HAL_Driver/Src/stm32f3xx_hal_rcc.o
                0x080036b0                HAL_RCC_OscConfig
 .text.HAL_RCC_ClockConfig
                0x0800472c      0x2f8 ./Drivers/STM32F3xx_HAL_Driver/Src/stm32f3xx_hal_rcc.o
                0x0800472c                HAL_RCC_ClockConfig
 .text.HAL_RCC_GetSysClockFreq
                0x08004a24       0xd4 ./Drivers/STM32F3xx_HAL_Driver/Src/stm32f3xx_hal_rcc.o
                0x08004a24                HAL_RCC_GetSysClockFreq
 .text.HAL_RCC_GetHCLKFreq
                0x08004af8       0x18 ./Drivers/STM32F3xx_HAL_Driver/Src/stm32f3xx_hal_rcc.o
                0x08004af8                HAL_RCC_GetHCLKFreq
 .text.HAL_RCC_GetPCLK1Freq
                0x08004b10       0x44 ./Drivers/STM32F3xx_HAL_Driver/Src/stm32f3xx_hal_rcc.o
                0x08004b10                HAL_RCC_GetPCLK1Freq
 .text.HAL_RCC_GetPCLK2Freq
                0x08004b54       0x44 ./Drivers/STM32F3xx_HAL_Driver/Src/stm32f3xx_hal_rcc.o
                0x08004b54                HAL_RCC_GetPCLK2Freq
 .text.HAL_RCCEx_PeriphCLKConfig
                0x08004b98      0x24c ./Drivers/STM32F3xx_HAL_Driver/Src/stm32f3xx_hal_rcc_ex.o
                0x08004b98                HAL_RCCEx_PeriphCLKConfig
 .text.HAL_SPI_Init
                0x08004de4      0x146 ./Drivers/STM32F3xx_HAL_Driver/Src/stm32f3xx_hal_spi.o
                0x08004de4                HAL_SPI_Init
 .text.HAL_SPI_Transmit
                0x08004f2a      0x2ea ./Drivers/STM32F3xx_HAL_Driver/Src/stm32f3xx_hal_spi.o
                0x08004f2a                HAL_SPI_Transmit
 .text.HAL_SPI_Receive
                0x08005214      0x26e ./Drivers/STM32F3xx_HAL_Driver/Src/stm32f3xx_hal_spi.o
                0x08005214                HAL_SPI_Receive
 .text.HAL_SPI_TransmitReceive
                0x08005482      0x444 ./Drivers/STM32F3xx_HAL_Driver/Src/stm32f3xx_hal_spi.o
                0x08005482                HAL_SPI_TransmitReceive
 *fill*         0x080058c6        0x2 
 .text.HAL_SPI_IRQHandler
                0x080058c8      0x1e8 ./Drivers/STM32F3xx_HAL_Driver/Src/stm32f3xx_hal_spi.o
                0x080058c8                HAL_SPI_IRQHandler
 .text.HAL_SPI_ErrorCallback
                0x08005ab0       0x14 ./Drivers/STM32F3xx_HAL_Driver/Src/stm32f3xx_hal_spi.o
                0x08005ab0                HAL_SPI_ErrorCallback
 .text.HAL_SPI_GetState
                0x08005ac4       0x1c ./Drivers/STM32F3xx_HAL_Driver/Src/stm32f3xx_hal_spi.o
                0x08005ac4                HAL_SPI_GetState
 .text.SPI_DMAAbortOnError
                0x08005ae0       0x2a ./Drivers/STM32F3xx_HAL_Driver/Src/stm32f3xx_hal_spi.o
 *fill*         0x08005b0a        0x2 
 .text.SPI_WaitFlagStateUntilTimeout
                0x08005b0c      0x110 ./Drivers/STM32F3xx_HAL_Driver/Src/stm32f3xx_hal_spi.o
 .text.SPI_WaitFifoStateUntilTimeout
                0x08005c1c      0x12c ./Drivers/STM32F3xx_HAL_Driver/Src/stm32f3xx_hal_spi.o
 .text.SPI_EndRxTransaction
                0x08005d48       0xb0 ./Drivers/STM32F3xx_HAL_Driver/Src/stm32f3xx_hal_spi.o
 .text.SPI_EndRxTxTransaction
                0x08005df8       0x8c ./Drivers/STM32F3xx_HAL_Driver/Src/stm32f3xx_hal_spi.o
 .text.HAL_TIM_Base_Init
                0x08005e84       0xae ./Drivers/STM32F3xx_HAL_Driver/Src/stm32f3xx_hal_tim.o
                0x08005e84                HAL_TIM_Base_Init
 *fill*         0x08005f32        0x2 
 .text.HAL_TIM_Base_Start_IT
                0x08005f34       0xb8 ./Drivers/STM32F3xx_HAL_Driver/Src/stm32f3xx_hal_tim.o
                0x08005f34                HAL_TIM_Base_Start_IT
 .text.HAL_TIM_IRQHandler
                0x08005fec      0x23e ./Drivers/STM32F3xx_HAL_Driver/Src/stm32f3xx_hal_tim.o
                0x08005fec                HAL_TIM_IRQHandler
 .text.HAL_TIM_ConfigClockSource
                0x0800622a      0x192 ./Drivers/STM32F3xx_HAL_Driver/Src/stm32f3xx_hal_tim.o
                0x0800622a                HAL_TIM_ConfigClockSource
 .text.HAL_TIM_OC_DelayElapsedCallback
                0x080063bc       0x14 ./Drivers/STM32F3xx_HAL_Driver/Src/stm32f3xx_hal_tim.o
                0x080063bc                HAL_TIM_OC_DelayElapsedCallback
 .text.HAL_TIM_IC_CaptureCallback
                0x080063d0       0x14 ./Drivers/STM32F3xx_HAL_Driver/Src/stm32f3xx_hal_tim.o
                0x080063d0                HAL_TIM_IC_CaptureCallback
 .text.HAL_TIM_PWM_PulseFinishedCallback
                0x080063e4       0x14 ./Drivers/STM32F3xx_HAL_Driver/Src/stm32f3xx_hal_tim.o
                0x080063e4                HAL_TIM_PWM_PulseFinishedCallback
 .text.HAL_TIM_TriggerCallback
                0x080063f8       0x14 ./Drivers/STM32F3xx_HAL_Driver/Src/stm32f3xx_hal_tim.o
                0x080063f8                HAL_TIM_TriggerCallback
 .text.TIM_Base_SetConfig
                0x0800640c       0xf0 ./Drivers/STM32F3xx_HAL_Driver/Src/stm32f3xx_hal_tim.o
                0x0800640c                TIM_Base_SetConfig
 .text.TIM_TI1_ConfigInputStage
                0x080064fc       0x5e ./Drivers/STM32F3xx_HAL_Driver/Src/stm32f3xx_hal_tim.o
 .text.TIM_TI2_ConfigInputStage
                0x0800655a       0x60 ./Drivers/STM32F3xx_HAL_Driver/Src/stm32f3xx_hal_tim.o
 .text.TIM_ITRx_SetConfig
                0x080065ba       0x36 ./Drivers/STM32F3xx_HAL_Driver/Src/stm32f3xx_hal_tim.o
 .text.TIM_ETR_SetConfig
                0x080065f0       0x40 ./Drivers/STM32F3xx_HAL_Driver/Src/stm32f3xx_hal_tim.o
                0x080065f0                TIM_ETR_SetConfig
 .text.HAL_TIMEx_MasterConfigSynchronization
                0x08006630       0xdc ./Drivers/STM32F3xx_HAL_Driver/Src/stm32f3xx_hal_tim_ex.o
                0x08006630                HAL_TIMEx_MasterConfigSynchronization
 .text.HAL_TIMEx_CommutCallback
                0x0800670c       0x14 ./Drivers/STM32F3xx_HAL_Driver/Src/stm32f3xx_hal_tim_ex.o
                0x0800670c                HAL_TIMEx_CommutCallback
 .text.HAL_TIMEx_BreakCallback
                0x08006720       0x14 ./Drivers/STM32F3xx_HAL_Driver/Src/stm32f3xx_hal_tim_ex.o
                0x08006720                HAL_TIMEx_BreakCallback
 .text.HAL_TIMEx_Break2Callback
                0x08006734       0x14 ./Drivers/STM32F3xx_HAL_Driver/Src/stm32f3xx_hal_tim_ex.o
                0x08006734                HAL_TIMEx_Break2Callback
 .text.HAL_UART_Init
                0x08006748       0x9c ./Drivers/STM32F3xx_HAL_Driver/Src/stm32f3xx_hal_uart.o
                0x08006748                HAL_UART_Init
 .text.UART_SetConfig
                0x080067e4      0x26c ./Drivers/STM32F3xx_HAL_Driver/Src/stm32f3xx_hal_uart.o
                0x080067e4                UART_SetConfig
 .text.UART_AdvFeatureConfig
                0x08006a50      0x144 ./Drivers/STM32F3xx_HAL_Driver/Src/stm32f3xx_hal_uart.o
                0x08006a50                UART_AdvFeatureConfig
 .text.UART_CheckIdleState
                0x08006b94      0x150 ./Drivers/STM32F3xx_HAL_Driver/Src/stm32f3xx_hal_uart.o
                0x08006b94                UART_CheckIdleState
 .text.UART_WaitOnFlagUntilTimeout
                0x08006ce4       0xce ./Drivers/STM32F3xx_HAL_Driver/Src/stm32f3xx_hal_uart.o
                0x08006ce4                UART_WaitOnFlagUntilTimeout
 .text.UART_EndRxTransfer
                0x08006db2       0xc8 ./Drivers/STM32F3xx_HAL_Driver/Src/stm32f3xx_hal_uart.o
 .text.memset   0x08006e7a       0x10 C:/ST/STM32CubeIDE_1.13.2/STM32CubeIDE/plugins/com.st.stm32cube.ide.mcu.externaltools.gnu-tools-for-stm32.12.3.rel1.win32_1.0.100.202403111256/tools/bin/../lib/gcc/arm-none-eabi/12.3.1/../../../../arm-none-eabi/lib/thumb/v7e-m+fp/hard\libc_nano.a(libc_a-memset.o)
                0x08006e7a                memset
 *fill*         0x08006e8a        0x2 
 .text.__libc_init_array
                0x08006e8c       0x48 C:/ST/STM32CubeIDE_1.13.2/STM32CubeIDE/plugins/com.st.stm32cube.ide.mcu.externaltools.gnu-tools-for-stm32.12.3.rel1.win32_1.0.100.202403111256/tools/bin/../lib/gcc/arm-none-eabi/12.3.1/../../../../arm-none-eabi/lib/thumb/v7e-m+fp/hard\libc_nano.a(libc_a-init.o)
                0x08006e8c                __libc_init_array
 .text.memcpy   0x08006ed4       0x1c C:/ST/STM32CubeIDE_1.13.2/STM32CubeIDE/plugins/com.st.stm32cube.ide.mcu.externaltools.gnu-tools-for-stm32.12.3.rel1.win32_1.0.100.202403111256/tools/bin/../lib/gcc/arm-none-eabi/12.3.1/../../../../arm-none-eabi/lib/thumb/v7e-m+fp/hard\libc_nano.a(libc_a-memcpy-stub.o)
                0x08006ed4                memcpy
 *(.glue_7)
 .glue_7        0x08006ef0        0x0 linker stubs
 *(.glue_7t)
 .glue_7t       0x08006ef0        0x0 linker stubs
 *(.eh_frame)
 .eh_frame      0x08006ef0        0x0 C:/ST/STM32CubeIDE_1.13.2/STM32CubeIDE/plugins/com.st.stm32cube.ide.mcu.externaltools.gnu-tools-for-stm32.12.3.rel1.win32_1.0.100.202403111256/tools/bin/../lib/gcc/arm-none-eabi/12.3.1/thumb/v7e-m+fp/hard/crtbegin.o
 *(.init)
 .init          0x08006ef0        0x4 C:/ST/STM32CubeIDE_1.13.2/STM32CubeIDE/plugins/com.st.stm32cube.ide.mcu.externaltools.gnu-tools-for-stm32.12.3.rel1.win32_1.0.100.202403111256/tools/bin/../lib/gcc/arm-none-eabi/12.3.1/thumb/v7e-m+fp/hard/crti.o
                0x08006ef0                _init
 .init          0x08006ef4        0x8 C:/ST/STM32CubeIDE_1.13.2/STM32CubeIDE/plugins/com.st.stm32cube.ide.mcu.externaltools.gnu-tools-for-stm32.12.3.rel1.win32_1.0.100.202403111256/tools/bin/../lib/gcc/arm-none-eabi/12.3.1/thumb/v7e-m+fp/hard/crtn.o
 *(.fini)
 .fini          0x08006efc        0x4 C:/ST/STM32CubeIDE_1.13.2/STM32CubeIDE/plugins/com.st.stm32cube.ide.mcu.externaltools.gnu-tools-for-stm32.12.3.rel1.win32_1.0.100.202403111256/tools/bin/../lib/gcc/arm-none-eabi/12.3.1/thumb/v7e-m+fp/hard/crti.o
                0x08006efc                _fini
 .fini          0x08006f00        0x8 C:/ST/STM32CubeIDE_1.13.2/STM32CubeIDE/plugins/com.st.stm32cube.ide.mcu.externaltools.gnu-tools-for-stm32.12.3.rel1.win32_1.0.100.202403111256/tools/bin/../lib/gcc/arm-none-eabi/12.3.1/thumb/v7e-m+fp/hard/crtn.o
                0x08006f08                        . = ALIGN (0x4)
                0x08006f08                        _etext = .

.vfp11_veneer   0x08006f08        0x0
 .vfp11_veneer  0x08006f08        0x0 linker stubs

.v4_bx          0x08006f08        0x0
 .v4_bx         0x08006f08        0x0 linker stubs

.iplt           0x08006f08        0x0
 .iplt          0x08006f08        0x0 C:/ST/STM32CubeIDE_1.13.2/STM32CubeIDE/plugins/com.st.stm32cube.ide.mcu.externaltools.gnu-tools-for-stm32.12.3.rel1.win32_1.0.100.202403111256/tools/bin/../lib/gcc/arm-none-eabi/12.3.1/thumb/v7e-m+fp/hard/crtbegin.o

.rodata         0x08006f08       0x88
                0x08006f08                        . = ALIGN (0x4)
 *(.rodata)
 .rodata        0x08006f08       0x50 ./Core/Src/LoRa.o
 *(.rodata*)
 .rodata.AHBPrescTable
                0x08006f58       0x10 ./Core/Src/system_stm32f3xx.o
                0x08006f58                AHBPrescTable
 .rodata.APBPrescTable
                0x08006f68        0x8 ./Core/Src/system_stm32f3xx.o
                0x08006f68                APBPrescTable
 .rodata.aPLLMULFactorTable
                0x08006f70       0x10 ./Drivers/STM32F3xx_HAL_Driver/Src/stm32f3xx_hal_rcc.o
 .rodata.aPredivFactorTable
                0x08006f80       0x10 ./Drivers/STM32F3xx_HAL_Driver/Src/stm32f3xx_hal_rcc.o
                0x08006f90                        . = ALIGN (0x4)

.rel.dyn        0x08006f90        0x0
 .rel.iplt      0x08006f90        0x0 C:/ST/STM32CubeIDE_1.13.2/STM32CubeIDE/plugins/com.st.stm32cube.ide.mcu.externaltools.gnu-tools-for-stm32.12.3.rel1.win32_1.0.100.202403111256/tools/bin/../lib/gcc/arm-none-eabi/12.3.1/thumb/v7e-m+fp/hard/crtbegin.o

.ARM.extab      0x08006f90        0x0
                0x08006f90                        . = ALIGN (0x4)
 *(.ARM.extab* .gnu.linkonce.armextab.*)
                0x08006f90                        . = ALIGN (0x4)

.ARM            0x08006f90        0x0
                0x08006f90                        . = ALIGN (0x4)
                0x08006f90                        __exidx_start = .
 *(.ARM.exidx*)
                0x08006f90                        __exidx_end = .
                0x08006f90                        . = ALIGN (0x4)

.preinit_array  0x08006f90        0x0
                0x08006f90                        . = ALIGN (0x4)
                0x08006f90                        PROVIDE (__preinit_array_start = .)
 *(.preinit_array*)
                0x08006f90                        PROVIDE (__preinit_array_end = .)
                0x08006f90                        . = ALIGN (0x4)

.init_array     0x08006f90        0x4
                0x08006f90                        . = ALIGN (0x4)
                0x08006f90                        PROVIDE (__init_array_start = .)
 *(SORT_BY_NAME(.init_array.*))
 *(.init_array*)
 .init_array    0x08006f90        0x4 C:/ST/STM32CubeIDE_1.13.2/STM32CubeIDE/plugins/com.st.stm32cube.ide.mcu.externaltools.gnu-tools-for-stm32.12.3.rel1.win32_1.0.100.202403111256/tools/bin/../lib/gcc/arm-none-eabi/12.3.1/thumb/v7e-m+fp/hard/crtbegin.o
                0x08006f94                        PROVIDE (__init_array_end = .)
                0x08006f94                        . = ALIGN (0x4)

.fini_array     0x08006f94        0x4
                0x08006f94                        . = ALIGN (0x4)
                [!provide]                        PROVIDE (__fini_array_start = .)
 *(SORT_BY_NAME(.fini_array.*))
 *(.fini_array*)
 .fini_array    0x08006f94        0x4 C:/ST/STM32CubeIDE_1.13.2/STM32CubeIDE/plugins/com.st.stm32cube.ide.mcu.externaltools.gnu-tools-for-stm32.12.3.rel1.win32_1.0.100.202403111256/tools/bin/../lib/gcc/arm-none-eabi/12.3.1/thumb/v7e-m+fp/hard/crtbegin.o
                [!provide]                        PROVIDE (__fini_array_end = .)
                0x08006f98                        . = ALIGN (0x4)
                0x08006f98                        _sidata = LOADADDR (.data)

.data           0x20000000       0x10 load address 0x08006f98
                0x20000000                        . = ALIGN (0x4)
                0x20000000                        _sdata = .
 *(.data)
 *(.data*)
 .data.mode     0x20000000        0x4 ./Core/Src/main.o
                0x20000000                mode
 .data.SystemCoreClock
                0x20000004        0x4 ./Core/Src/system_stm32f3xx.o
                0x20000004                SystemCoreClock
 .data.uwTickPrio
                0x20000008        0x4 ./Drivers/STM32F3xx_HAL_Driver/Src/stm32f3xx_hal.o
                0x20000008                uwTickPrio
 .data.uwTickFreq
                0x2000000c        0x1 ./Drivers/STM32F3xx_HAL_Driver/Src/stm32f3xx_hal.o
                0x2000000c                uwTickFreq
 *(.RamFunc)
 *(.RamFunc*)
                0x20000010                        . = ALIGN (0x4)
 *fill*         0x2000000d        0x3 
                0x20000010                        _edata = .
                0x08006fa8                        _siccmram = LOADADDR (.ccmram)

.igot.plt       0x20000010        0x0 load address 0x08006fa8
 .igot.plt      0x20000010        0x0 C:/ST/STM32CubeIDE_1.13.2/STM32CubeIDE/plugins/com.st.stm32cube.ide.mcu.externaltools.gnu-tools-for-stm32.12.3.rel1.win32_1.0.100.202403111256/tools/bin/../lib/gcc/arm-none-eabi/12.3.1/thumb/v7e-m+fp/hard/crtbegin.o

.ccmram         0x10000000        0x0 load address 0x08006fa8
                0x10000000                        . = ALIGN (0x4)
                0x10000000                        _sccmram = .
 *(.ccmram)
 *(.ccmram*)
                0x10000000                        . = ALIGN (0x4)
                0x10000000                        _eccmram = .
                0x10000000                        . = ALIGN (0x4)

.bss            0x20000010      0x24c
                0x20000010                        _sbss = .
                0x20000010                        __bss_start__ = _sbss
 *(.bss)
 .bss           0x20000010       0x1c C:/ST/STM32CubeIDE_1.13.2/STM32CubeIDE/plugins/com.st.stm32cube.ide.mcu.externaltools.gnu-tools-for-stm32.12.3.rel1.win32_1.0.100.202403111256/tools/bin/../lib/gcc/arm-none-eabi/12.3.1/thumb/v7e-m+fp/hard/crtbegin.o
 *(.bss*)
 .bss.hadc1     0x2000002c       0x50 ./Core/Src/main.o
                0x2000002c                hadc1
 .bss.hadc2     0x2000007c       0x50 ./Core/Src/main.o
                0x2000007c                hadc2
 .bss.hspi1     0x200000cc       0x64 ./Core/Src/main.o
                0x200000cc                hspi1
 .bss.htim1     0x20000130       0x4c ./Core/Src/main.o
                0x20000130                htim1
 .bss.huart2    0x2000017c       0x88 ./Core/Src/main.o
                0x2000017c                huart2
 .bss.myLoRa    0x20000204       0x2c ./Core/Src/main.o
                0x20000204                myLoRa
 .bss.Controller
                0x20000230       0x20 ./Core/Src/main.o
                0x20000230                Controller
 .bss.auto_mode
                0x20000250        0x4 ./Core/Src/main.o
                0x20000250                auto_mode
 .bss.HAL_RCC_ADC12_CLK_ENABLED
                0x20000254        0x4 ./Core/Src/stm32f3xx_hal_msp.o
 .bss.uwTick    0x20000258        0x4 ./Drivers/STM32F3xx_HAL_Driver/Src/stm32f3xx_hal.o
                0x20000258                uwTick
 *(COMMON)
                0x2000025c                        . = ALIGN (0x4)
                0x2000025c                        _ebss = .
                0x2000025c                        __bss_end__ = _ebss

._user_heap_stack
                0x2000025c      0x604
                0x20000260                        . = ALIGN (0x8)
 *fill*         0x2000025c        0x4 
                [!provide]                        PROVIDE (end = .)
                0x20000260                        PROVIDE (_end = .)
                0x20000460                        . = (. + _Min_Heap_Size)
 *fill*         0x20000260      0x200 
                0x20000860                        . = (. + _Min_Stack_Size)
 *fill*         0x20000460      0x400 
                0x20000860                        . = ALIGN (0x8)

/DISCARD/
 libc.a(*)
 libm.a(*)
 libgcc.a(*)

.ARM.attributes
                0x00000000       0x30
 *(.ARM.attributes)
 .ARM.attributes
                0x00000000       0x22 C:/ST/STM32CubeIDE_1.13.2/STM32CubeIDE/plugins/com.st.stm32cube.ide.mcu.externaltools.gnu-tools-for-stm32.12.3.rel1.win32_1.0.100.202403111256/tools/bin/../lib/gcc/arm-none-eabi/12.3.1/thumb/v7e-m+fp/hard/crti.o
 .ARM.attributes
                0x00000022       0x34 C:/ST/STM32CubeIDE_1.13.2/STM32CubeIDE/plugins/com.st.stm32cube.ide.mcu.externaltools.gnu-tools-for-stm32.12.3.rel1.win32_1.0.100.202403111256/tools/bin/../lib/gcc/arm-none-eabi/12.3.1/thumb/v7e-m+fp/hard/crtbegin.o
 .ARM.attributes
                0x00000056       0x34 ./Core/Src/LoRa.o
 .ARM.attributes
                0x0000008a       0x34 ./Core/Src/app_statemachine.o
 .ARM.attributes
                0x000000be       0x34 ./Core/Src/main.o
 .ARM.attributes
                0x000000f2       0x34 ./Core/Src/stm32f3xx_hal_msp.o
 .ARM.attributes
                0x00000126       0x34 ./Core/Src/stm32f3xx_it.o
 .ARM.attributes
                0x0000015a       0x34 ./Core/Src/system_stm32f3xx.o
 .ARM.attributes
                0x0000018e       0x21 ./Core/Startup/startup_stm32f303k8tx.o
 .ARM.attributes
                0x000001af       0x34 ./Drivers/STM32F3xx_HAL_Driver/Src/stm32f3xx_hal.o
 .ARM.attributes
                0x000001e3       0x34 ./Drivers/STM32F3xx_HAL_Driver/Src/stm32f3xx_hal_adc.o
 .ARM.attributes
                0x00000217       0x34 ./Drivers/STM32F3xx_HAL_Driver/Src/stm32f3xx_hal_adc_ex.o
 .ARM.attributes
                0x0000024b       0x34 ./Drivers/STM32F3xx_HAL_Driver/Src/stm32f3xx_hal_cortex.o
 .ARM.attributes
                0x0000027f       0x34 ./Drivers/STM32F3xx_HAL_Driver/Src/stm32f3xx_hal_dma.o
 .ARM.attributes
                0x000002b3       0x34 ./Drivers/STM32F3xx_HAL_Driver/Src/stm32f3xx_hal_gpio.o
 .ARM.attributes
                0x000002e7       0x34 ./Drivers/STM32F3xx_HAL_Driver/Src/stm32f3xx_hal_rcc.o
 .ARM.attributes
                0x0000031b       0x34 ./Drivers/STM32F3xx_HAL_Driver/Src/stm32f3xx_hal_rcc_ex.o
 .ARM.attributes
                0x0000034f       0x34 ./Drivers/STM32F3xx_HAL_Driver/Src/stm32f3xx_hal_spi.o
 .ARM.attributes
                0x00000383       0x34 ./Drivers/STM32F3xx_HAL_Driver/Src/stm32f3xx_hal_tim.o
 .ARM.attributes
                0x000003b7       0x34 ./Drivers/STM32F3xx_HAL_Driver/Src/stm32f3xx_hal_tim_ex.o
 .ARM.attributes
                0x000003eb       0x34 ./Drivers/STM32F3xx_HAL_Driver/Src/stm32f3xx_hal_uart.o
 .ARM.attributes
                0x0000041f       0x34 C:/ST/STM32CubeIDE_1.13.2/STM32CubeIDE/plugins/com.st.stm32cube.ide.mcu.externaltools.gnu-tools-for-stm32.12.3.rel1.win32_1.0.100.202403111256/tools/bin/../lib/gcc/arm-none-eabi/12.3.1/../../../../arm-none-eabi/lib/thumb/v7e-m+fp/hard\libc_nano.a(libc_a-memset.o)
 .ARM.attributes
                0x00000453       0x34 C:/ST/STM32CubeIDE_1.13.2/STM32CubeIDE/plugins/com.st.stm32cube.ide.mcu.externaltools.gnu-tools-for-stm32.12.3.rel1.win32_1.0.100.202403111256/tools/bin/../lib/gcc/arm-none-eabi/12.3.1/../../../../arm-none-eabi/lib/thumb/v7e-m+fp/hard\libc_nano.a(libc_a-init.o)
 .ARM.attributes
                0x00000487       0x34 C:/ST/STM32CubeIDE_1.13.2/STM32CubeIDE/plugins/com.st.stm32cube.ide.mcu.externaltools.gnu-tools-for-stm32.12.3.rel1.win32_1.0.100.202403111256/tools/bin/../lib/gcc/arm-none-eabi/12.3.1/../../../../arm-none-eabi/lib/thumb/v7e-m+fp/hard\libc_nano.a(libc_a-memcpy-stub.o)
 .ARM.attributes
                0x000004bb       0x22 C:/ST/STM32CubeIDE_1.13.2/STM32CubeIDE/plugins/com.st.stm32cube.ide.mcu.externaltools.gnu-tools-for-stm32.12.3.rel1.win32_1.0.100.202403111256/tools/bin/../lib/gcc/arm-none-eabi/12.3.1/thumb/v7e-m+fp/hard\libgcc.a(_arm_addsubdf3.o)
 .ARM.attributes
                0x000004dd       0x22 C:/ST/STM32CubeIDE_1.13.2/STM32CubeIDE/plugins/com.st.stm32cube.ide.mcu.externaltools.gnu-tools-for-stm32.12.3.rel1.win32_1.0.100.202403111256/tools/bin/../lib/gcc/arm-none-eabi/12.3.1/thumb/v7e-m+fp/hard\libgcc.a(_arm_muldivdf3.o)
 .ARM.attributes
                0x000004ff       0x22 C:/ST/STM32CubeIDE_1.13.2/STM32CubeIDE/plugins/com.st.stm32cube.ide.mcu.externaltools.gnu-tools-for-stm32.12.3.rel1.win32_1.0.100.202403111256/tools/bin/../lib/gcc/arm-none-eabi/12.3.1/thumb/v7e-m+fp/hard\libgcc.a(_arm_fixdfsi.o)
 .ARM.attributes
                0x00000521       0x22 C:/ST/STM32CubeIDE_1.13.2/STM32CubeIDE/plugins/com.st.stm32cube.ide.mcu.externaltools.gnu-tools-for-stm32.12.3.rel1.win32_1.0.100.202403111256/tools/bin/../lib/gcc/arm-none-eabi/12.3.1/thumb/v7e-m+fp/hard/crtn.o
OUTPUT(AMP_RCv2.elf elf32-littlearm)
LOAD linker stubs
LOAD C:/ST/STM32CubeIDE_1.13.2/STM32CubeIDE/plugins/com.st.stm32cube.ide.mcu.externaltools.gnu-tools-for-stm32.12.3.rel1.win32_1.0.100.202403111256/tools/bin/../lib/gcc/arm-none-eabi/12.3.1/../../../../arm-none-eabi/lib/thumb/v7e-m+fp/hard\libc.a
LOAD C:/ST/STM32CubeIDE_1.13.2/STM32CubeIDE/plugins/com.st.stm32cube.ide.mcu.externaltools.gnu-tools-for-stm32.12.3.rel1.win32_1.0.100.202403111256/tools/bin/../lib/gcc/arm-none-eabi/12.3.1/../../../../arm-none-eabi/lib/thumb/v7e-m+fp/hard\libm.a
LOAD C:/ST/STM32CubeIDE_1.13.2/STM32CubeIDE/plugins/com.st.stm32cube.ide.mcu.externaltools.gnu-tools-for-stm32.12.3.rel1.win32_1.0.100.202403111256/tools/bin/../lib/gcc/arm-none-eabi/12.3.1/thumb/v7e-m+fp/hard\libgcc.a

.debug_info     0x00000000    0x13f85
 .debug_info    0x00000000      0xe33 ./Core/Src/LoRa.o
 .debug_info    0x00000e33      0x1e9 ./Core/Src/app_statemachine.o
 .debug_info    0x0000101c     0x1d21 ./Core/Src/main.o
 .debug_info    0x00002d3d     0x1615 ./Core/Src/stm32f3xx_hal_msp.o
 .debug_info    0x00004352      0xe0e ./Core/Src/stm32f3xx_it.o
 .debug_info    0x00005160      0x407 ./Core/Src/system_stm32f3xx.o
 .debug_info    0x00005567       0x30 ./Core/Startup/startup_stm32f303k8tx.o
 .debug_info    0x00005597      0x74a ./Drivers/STM32F3xx_HAL_Driver/Src/stm32f3xx_hal.o
 .debug_info    0x00005ce1      0xb32 ./Drivers/STM32F3xx_HAL_Driver/Src/stm32f3xx_hal_adc.o
 .debug_info    0x00006813     0x15b2 ./Drivers/STM32F3xx_HAL_Driver/Src/stm32f3xx_hal_adc_ex.o
 .debug_info    0x00007dc5      0xa87 ./Drivers/STM32F3xx_HAL_Driver/Src/stm32f3xx_hal_cortex.o
 .debug_info    0x0000884c      0x6e1 ./Drivers/STM32F3xx_HAL_Driver/Src/stm32f3xx_hal_dma.o
 .debug_info    0x00008f2d      0x6a6 ./Drivers/STM32F3xx_HAL_Driver/Src/stm32f3xx_hal_gpio.o
 .debug_info    0x000095d3     0x14f1 ./Drivers/STM32F3xx_HAL_Driver/Src/stm32f3xx_hal_rcc.o
 .debug_info    0x0000aac4      0x550 ./Drivers/STM32F3xx_HAL_Driver/Src/stm32f3xx_hal_rcc_ex.o
 .debug_info    0x0000b014     0x160a ./Drivers/STM32F3xx_HAL_Driver/Src/stm32f3xx_hal_spi.o
 .debug_info    0x0000c61e     0x2a52 ./Drivers/STM32F3xx_HAL_Driver/Src/stm32f3xx_hal_tim.o
 .debug_info    0x0000f070     0x156d ./Drivers/STM32F3xx_HAL_Driver/Src/stm32f3xx_hal_tim_ex.o
 .debug_info    0x000105dd     0x39a8 ./Drivers/STM32F3xx_HAL_Driver/Src/stm32f3xx_hal_uart.o

.debug_abbrev   0x00000000     0x280d
 .debug_abbrev  0x00000000      0x26d ./Core/Src/LoRa.o
 .debug_abbrev  0x0000026d       0xee ./Core/Src/app_statemachine.o
 .debug_abbrev  0x0000035b      0x33b ./Core/Src/main.o
 .debug_abbrev  0x00000696      0x205 ./Core/Src/stm32f3xx_hal_msp.o
 .debug_abbrev  0x0000089b      0x1d5 ./Core/Src/stm32f3xx_it.o
 .debug_abbrev  0x00000a70      0x11a ./Core/Src/system_stm32f3xx.o
 .debug_abbrev  0x00000b8a       0x24 ./Core/Startup/startup_stm32f303k8tx.o
 .debug_abbrev  0x00000bae      0x215 ./Drivers/STM32F3xx_HAL_Driver/Src/stm32f3xx_hal.o
 .debug_abbrev  0x00000dc3      0x186 ./Drivers/STM32F3xx_HAL_Driver/Src/stm32f3xx_hal_adc.o
 .debug_abbrev  0x00000f49      0x28e ./Drivers/STM32F3xx_HAL_Driver/Src/stm32f3xx_hal_adc_ex.o
 .debug_abbrev  0x000011d7      0x2f8 ./Drivers/STM32F3xx_HAL_Driver/Src/stm32f3xx_hal_cortex.o
 .debug_abbrev  0x000014cf      0x20d ./Drivers/STM32F3xx_HAL_Driver/Src/stm32f3xx_hal_dma.o
 .debug_abbrev  0x000016dc      0x1ca ./Drivers/STM32F3xx_HAL_Driver/Src/stm32f3xx_hal_gpio.o
 .debug_abbrev  0x000018a6      0x300 ./Drivers/STM32F3xx_HAL_Driver/Src/stm32f3xx_hal_rcc.o
 .debug_abbrev  0x00001ba6      0x232 ./Drivers/STM32F3xx_HAL_Driver/Src/stm32f3xx_hal_rcc_ex.o
 .debug_abbrev  0x00001dd8      0x269 ./Drivers/STM32F3xx_HAL_Driver/Src/stm32f3xx_hal_spi.o
 .debug_abbrev  0x00002041      0x278 ./Drivers/STM32F3xx_HAL_Driver/Src/stm32f3xx_hal_tim.o
 .debug_abbrev  0x000022b9      0x283 ./Drivers/STM32F3xx_HAL_Driver/Src/stm32f3xx_hal_tim_ex.o
 .debug_abbrev  0x0000253c      0x2d1 ./Drivers/STM32F3xx_HAL_Driver/Src/stm32f3xx_hal_uart.o

.debug_aranges  0x00000000     0x11d0
 .debug_aranges
                0x00000000       0xc8 ./Core/Src/LoRa.o
 .debug_aranges
                0x000000c8       0x40 ./Core/Src/app_statemachine.o
 .debug_aranges
                0x00000108       0x70 ./Core/Src/main.o
 .debug_aranges
                0x00000178       0x60 ./Core/Src/stm32f3xx_hal_msp.o
 .debug_aranges
                0x000001d8       0xa0 ./Core/Src/stm32f3xx_it.o
 .debug_aranges
                0x00000278       0x28 ./Core/Src/system_stm32f3xx.o
 .debug_aranges
                0x000002a0       0x28 ./Core/Startup/startup_stm32f303k8tx.o
 .debug_aranges
                0x000002c8       0xe0 ./Drivers/STM32F3xx_HAL_Driver/Src/stm32f3xx_hal.o
 .debug_aranges
                0x000003a8       0xc8 ./Drivers/STM32F3xx_HAL_Driver/Src/stm32f3xx_hal_adc.o
 .debug_aranges
                0x00000470      0x168 ./Drivers/STM32F3xx_HAL_Driver/Src/stm32f3xx_hal_adc_ex.o
 .debug_aranges
                0x000005d8      0x100 ./Drivers/STM32F3xx_HAL_Driver/Src/stm32f3xx_hal_cortex.o
 .debug_aranges
                0x000006d8       0x88 ./Drivers/STM32F3xx_HAL_Driver/Src/stm32f3xx_hal_dma.o
 .debug_aranges
                0x00000760       0x58 ./Drivers/STM32F3xx_HAL_Driver/Src/stm32f3xx_hal_gpio.o
 .debug_aranges
                0x000007b8       0x88 ./Drivers/STM32F3xx_HAL_Driver/Src/stm32f3xx_hal_rcc.o
 .debug_aranges
                0x00000840       0x38 ./Drivers/STM32F3xx_HAL_Driver/Src/stm32f3xx_hal_rcc_ex.o
 .debug_aranges
                0x00000878      0x1d8 ./Drivers/STM32F3xx_HAL_Driver/Src/stm32f3xx_hal_spi.o
 .debug_aranges
                0x00000a50      0x3e0 ./Drivers/STM32F3xx_HAL_Driver/Src/stm32f3xx_hal_tim.o
 .debug_aranges
                0x00000e30      0x178 ./Drivers/STM32F3xx_HAL_Driver/Src/stm32f3xx_hal_tim_ex.o
 .debug_aranges
                0x00000fa8      0x228 ./Drivers/STM32F3xx_HAL_Driver/Src/stm32f3xx_hal_uart.o

.debug_rnglists
                0x00000000      0xdf9
 .debug_rnglists
                0x00000000       0x96 ./Core/Src/LoRa.o
 .debug_rnglists
                0x00000096       0x2b ./Core/Src/app_statemachine.o
 .debug_rnglists
                0x000000c1       0x56 ./Core/Src/main.o
 .debug_rnglists
                0x00000117       0x47 ./Core/Src/stm32f3xx_hal_msp.o
 .debug_rnglists
                0x0000015e       0x73 ./Core/Src/stm32f3xx_it.o
 .debug_rnglists
                0x000001d1       0x1a ./Core/Src/system_stm32f3xx.o
 .debug_rnglists
                0x000001eb       0x19 ./Core/Startup/startup_stm32f303k8tx.o
 .debug_rnglists
                0x00000204       0xa3 ./Drivers/STM32F3xx_HAL_Driver/Src/stm32f3xx_hal.o
 .debug_rnglists
                0x000002a7       0x91 ./Drivers/STM32F3xx_HAL_Driver/Src/stm32f3xx_hal_adc.o
 .debug_rnglists
                0x00000338      0x126 ./Drivers/STM32F3xx_HAL_Driver/Src/stm32f3xx_hal_adc_ex.o
 .debug_rnglists
                0x0000045e       0xbb ./Drivers/STM32F3xx_HAL_Driver/Src/stm32f3xx_hal_cortex.o
 .debug_rnglists
                0x00000519       0x69 ./Drivers/STM32F3xx_HAL_Driver/Src/stm32f3xx_hal_dma.o
 .debug_rnglists
                0x00000582       0x3f ./Drivers/STM32F3xx_HAL_Driver/Src/stm32f3xx_hal_gpio.o
 .debug_rnglists
                0x000005c1       0x66 ./Drivers/STM32F3xx_HAL_Driver/Src/stm32f3xx_hal_rcc.o
 .debug_rnglists
                0x00000627       0x27 ./Drivers/STM32F3xx_HAL_Driver/Src/stm32f3xx_hal_rcc_ex.o
 .debug_rnglists
                0x0000064e      0x178 ./Drivers/STM32F3xx_HAL_Driver/Src/stm32f3xx_hal_spi.o
 .debug_rnglists
                0x000007c6      0x328 ./Drivers/STM32F3xx_HAL_Driver/Src/stm32f3xx_hal_tim.o
 .debug_rnglists
                0x00000aee      0x131 ./Drivers/STM32F3xx_HAL_Driver/Src/stm32f3xx_hal_tim_ex.o
 .debug_rnglists
                0x00000c1f      0x1da ./Drivers/STM32F3xx_HAL_Driver/Src/stm32f3xx_hal_uart.o

.debug_macro    0x00000000    0x1d62d
 .debug_macro   0x00000000      0x20b ./Core/Src/LoRa.o
 .debug_macro   0x0000020b      0xab4 ./Core/Src/LoRa.o
 .debug_macro   0x00000cbf      0x163 ./Core/Src/LoRa.o
 .debug_macro   0x00000e22       0x2e ./Core/Src/LoRa.o
 .debug_macro   0x00000e50       0x28 ./Core/Src/LoRa.o
 .debug_macro   0x00000e78       0x22 ./Core/Src/LoRa.o
 .debug_macro   0x00000e9a       0x8e ./Core/Src/LoRa.o
 .debug_macro   0x00000f28       0x51 ./Core/Src/LoRa.o
 .debug_macro   0x00000f79      0x103 ./Core/Src/LoRa.o
 .debug_macro   0x0000107c       0x6a ./Core/Src/LoRa.o
 .debug_macro   0x000010e6      0x1df ./Core/Src/LoRa.o
 .debug_macro   0x000012c5       0x1c ./Core/Src/LoRa.o
 .debug_macro   0x000012e1       0x22 ./Core/Src/LoRa.o
 .debug_macro   0x00001303       0xd9 ./Core/Src/LoRa.o
 .debug_macro   0x000013dc      0xf07 ./Core/Src/LoRa.o
 .debug_macro   0x000022e3    0x10be0 ./Core/Src/LoRa.o
 .debug_macro   0x00012ec3       0x6d ./Core/Src/LoRa.o
 .debug_macro   0x00012f30     0x3558 ./Core/Src/LoRa.o
 .debug_macro   0x00016488      0x189 ./Core/Src/LoRa.o
 .debug_macro   0x00016611       0x55 ./Core/Src/LoRa.o
 .debug_macro   0x00016666      0x8f8 ./Core/Src/LoRa.o
 .debug_macro   0x00016f5e      0x304 ./Core/Src/LoRa.o
 .debug_macro   0x00017262      0x1b5 ./Core/Src/LoRa.o
 .debug_macro   0x00017417      0x11b ./Core/Src/LoRa.o
 .debug_macro   0x00017532      0x1d5 ./Core/Src/LoRa.o
 .debug_macro   0x00017707      0x1bc ./Core/Src/LoRa.o
 .debug_macro   0x000178c3       0x34 ./Core/Src/LoRa.o
 .debug_macro   0x000178f7       0x3c ./Core/Src/LoRa.o
 .debug_macro   0x00017933       0x57 ./Core/Src/LoRa.o
 .debug_macro   0x0001798a      0x87d ./Core/Src/LoRa.o
 .debug_macro   0x00018207       0x77 ./Core/Src/LoRa.o
 .debug_macro   0x0001827e       0xc5 ./Core/Src/LoRa.o
 .debug_macro   0x00018343      0x19f ./Core/Src/LoRa.o
 .debug_macro   0x000184e2      0x22c ./Core/Src/LoRa.o
 .debug_macro   0x0001870e       0x5b ./Core/Src/LoRa.o
 .debug_macro   0x00018769       0xa5 ./Core/Src/LoRa.o
 .debug_macro   0x0001880e       0x81 ./Core/Src/LoRa.o
 .debug_macro   0x0001888f       0xd3 ./Core/Src/LoRa.o
 .debug_macro   0x00018962      0x2fe ./Core/Src/LoRa.o
 .debug_macro   0x00018c60      0xa59 ./Core/Src/LoRa.o
 .debug_macro   0x000196b9       0x59 ./Core/Src/LoRa.o
 .debug_macro   0x00019712      0x5ba ./Core/Src/LoRa.o
 .debug_macro   0x00019ccc       0x44 ./Core/Src/LoRa.o
 .debug_macro   0x00019d10      0x285 ./Core/Src/LoRa.o
 .debug_macro   0x00019f95      0x136 ./Core/Src/LoRa.o
 .debug_macro   0x0001a0cb      0x172 ./Core/Src/LoRa.o
 .debug_macro   0x0001a23d      0x168 ./Core/Src/app_statemachine.o
 .debug_macro   0x0001a3a5       0x16 ./Core/Src/app_statemachine.o
 .debug_macro   0x0001a3bb       0x2a ./Core/Src/app_statemachine.o
 .debug_macro   0x0001a3e5       0x5b ./Core/Src/app_statemachine.o
 .debug_macro   0x0001a440       0x94 ./Core/Src/app_statemachine.o
 .debug_macro   0x0001a4d4       0x43 ./Core/Src/app_statemachine.o
 .debug_macro   0x0001a517       0x34 ./Core/Src/app_statemachine.o
 .debug_macro   0x0001a54b       0x16 ./Core/Src/app_statemachine.o
 .debug_macro   0x0001a561      0x11c ./Core/Src/app_statemachine.o
 .debug_macro   0x0001a67d       0x94 ./Core/Src/app_statemachine.o
 .debug_macro   0x0001a711       0x16 ./Core/Src/app_statemachine.o
 .debug_macro   0x0001a727       0x43 ./Core/Src/app_statemachine.o
 .debug_macro   0x0001a76a       0x57 ./Core/Src/app_statemachine.o
 .debug_macro   0x0001a7c1       0x34 ./Core/Src/app_statemachine.o
 .debug_macro   0x0001a7f5       0x10 ./Core/Src/app_statemachine.o
 .debug_macro   0x0001a805       0x58 ./Core/Src/app_statemachine.o
 .debug_macro   0x0001a85d       0x8e ./Core/Src/app_statemachine.o
 .debug_macro   0x0001a8eb       0x1c ./Core/Src/app_statemachine.o
 .debug_macro   0x0001a907      0x177 ./Core/Src/app_statemachine.o
 .debug_macro   0x0001aa7e      0x369 ./Core/Src/app_statemachine.o
 .debug_macro   0x0001ade7       0x16 ./Core/Src/app_statemachine.o
 .debug_macro   0x0001adfd       0x29 ./Core/Src/app_statemachine.o
 .debug_macro   0x0001ae26       0x22 ./Core/Src/app_statemachine.o
 .debug_macro   0x0001ae48       0x35 ./Core/Src/app_statemachine.o
 .debug_macro   0x0001ae7d      0x460 ./Core/Src/app_statemachine.o
 .debug_macro   0x0001b2dd      0x31c ./Core/Src/main.o
 .debug_macro   0x0001b5f9       0x61 ./Core/Src/main.o
 .debug_macro   0x0001b65a       0x16 ./Core/Src/main.o
 .debug_macro   0x0001b670       0x10 ./Core/Src/main.o
 .debug_macro   0x0001b680       0x16 ./Core/Src/main.o
 .debug_macro   0x0001b696       0x16 ./Core/Src/main.o
 .debug_macro   0x0001b6ac      0x146 ./Core/Src/main.o
 .debug_macro   0x0001b7f2       0x16 ./Core/Src/main.o
 .debug_macro   0x0001b808       0x20 ./Core/Src/main.o
 .debug_macro   0x0001b828      0x202 ./Core/Src/stm32f3xx_hal_msp.o
 .debug_macro   0x0001ba2a      0x20c ./Core/Src/stm32f3xx_it.o
 .debug_macro   0x0001bc36      0x1f3 ./Core/Src/system_stm32f3xx.o
 .debug_macro   0x0001be29      0x217 ./Drivers/STM32F3xx_HAL_Driver/Src/stm32f3xx_hal.o
 .debug_macro   0x0001c040      0x1f4 ./Drivers/STM32F3xx_HAL_Driver/Src/stm32f3xx_hal_adc.o
 .debug_macro   0x0001c234      0x21d ./Drivers/STM32F3xx_HAL_Driver/Src/stm32f3xx_hal_adc_ex.o
 .debug_macro   0x0001c451      0x1f3 ./Drivers/STM32F3xx_HAL_Driver/Src/stm32f3xx_hal_cortex.o
 .debug_macro   0x0001c644      0x1f3 ./Drivers/STM32F3xx_HAL_Driver/Src/stm32f3xx_hal_dma.o
 .debug_macro   0x0001c837      0x1fa ./Drivers/STM32F3xx_HAL_Driver/Src/stm32f3xx_hal_gpio.o
 .debug_macro   0x0001ca31      0x217 ./Drivers/STM32F3xx_HAL_Driver/Src/stm32f3xx_hal_rcc.o
 .debug_macro   0x0001cc48      0x1f3 ./Drivers/STM32F3xx_HAL_Driver/Src/stm32f3xx_hal_rcc_ex.o
 .debug_macro   0x0001ce3b      0x1fb ./Drivers/STM32F3xx_HAL_Driver/Src/stm32f3xx_hal_spi.o
 .debug_macro   0x0001d036      0x1f4 ./Drivers/STM32F3xx_HAL_Driver/Src/stm32f3xx_hal_tim.o
 .debug_macro   0x0001d22a      0x1f3 ./Drivers/STM32F3xx_HAL_Driver/Src/stm32f3xx_hal_tim_ex.o
 .debug_macro   0x0001d41d      0x210 ./Drivers/STM32F3xx_HAL_Driver/Src/stm32f3xx_hal_uart.o

.debug_line     0x00000000    0x15f88
 .debug_line    0x00000000      0xc3e ./Core/Src/LoRa.o
 .debug_line    0x00000c3e      0x6a5 ./Core/Src/app_statemachine.o
 .debug_line    0x000012e3      0xccc ./Core/Src/main.o
 .debug_line    0x00001faf      0x957 ./Core/Src/stm32f3xx_hal_msp.o
 .debug_line    0x00002906      0x952 ./Core/Src/stm32f3xx_it.o
 .debug_line    0x00003258      0x846 ./Core/Src/system_stm32f3xx.o
 .debug_line    0x00003a9e       0x7a ./Core/Startup/startup_stm32f303k8tx.o
 .debug_line    0x00003b18      0xa7e ./Drivers/STM32F3xx_HAL_Driver/Src/stm32f3xx_hal.o
 .debug_line    0x00004596      0x9bc ./Drivers/STM32F3xx_HAL_Driver/Src/stm32f3xx_hal_adc.o
 .debug_line    0x00004f52     0x215c ./Drivers/STM32F3xx_HAL_Driver/Src/stm32f3xx_hal_adc_ex.o
 .debug_line    0x000070ae      0xc64 ./Drivers/STM32F3xx_HAL_Driver/Src/stm32f3xx_hal_cortex.o
 .debug_line    0x00007d12      0xd66 ./Drivers/STM32F3xx_HAL_Driver/Src/stm32f3xx_hal_dma.o
 .debug_line    0x00008a78      0xbe1 ./Drivers/STM32F3xx_HAL_Driver/Src/stm32f3xx_hal_gpio.o
 .debug_line    0x00009659     0x1452 ./Drivers/STM32F3xx_HAL_Driver/Src/stm32f3xx_hal_rcc.o
 .debug_line    0x0000aaab      0xb1d ./Drivers/STM32F3xx_HAL_Driver/Src/stm32f3xx_hal_rcc_ex.o
 .debug_line    0x0000b5c8     0x2033 ./Drivers/STM32F3xx_HAL_Driver/Src/stm32f3xx_hal_spi.o
 .debug_line    0x0000d5fb     0x3d47 ./Drivers/STM32F3xx_HAL_Driver/Src/stm32f3xx_hal_tim.o
 .debug_line    0x00011342     0x1afa ./Drivers/STM32F3xx_HAL_Driver/Src/stm32f3xx_hal_tim_ex.o
 .debug_line    0x00012e3c     0x314c ./Drivers/STM32F3xx_HAL_Driver/Src/stm32f3xx_hal_uart.o

.debug_str      0x00000000    0xafac4
 .debug_str     0x00000000    0xa6998 ./Core/Src/LoRa.o
                              0xa6cbc (size before relaxing)
 .debug_str     0x000a6998     0x43ae ./Core/Src/app_statemachine.o
                               0x844c (size before relaxing)
 .debug_str     0x000aad46     0x148d ./Core/Src/main.o
                              0xab37a (size before relaxing)
 .debug_str     0x000ac1d3      0x118 ./Core/Src/stm32f3xx_hal_msp.o
                              0xa71b9 (size before relaxing)
 .debug_str     0x000ac2eb      0x186 ./Core/Src/stm32f3xx_it.o
                              0xa6cbe (size before relaxing)
 .debug_str     0x000ac471       0xdf ./Core/Src/system_stm32f3xx.o
                              0xa5d74 (size before relaxing)
 .debug_str     0x000ac550       0x44 ./Core/Startup/startup_stm32f303k8tx.o
                                 0x72 (size before relaxing)
 .debug_str     0x000ac594      0x38d ./Drivers/STM32F3xx_HAL_Driver/Src/stm32f3xx_hal.o
                              0xa6464 (size before relaxing)
 .debug_str     0x000ac921      0x1cb ./Drivers/STM32F3xx_HAL_Driver/Src/stm32f3xx_hal_adc.o
                              0xa6361 (size before relaxing)
 .debug_str     0x000acaec      0x6c8 ./Drivers/STM32F3xx_HAL_Driver/Src/stm32f3xx_hal_adc_ex.o
                              0xa6a7a (size before relaxing)
 .debug_str     0x000ad1b4      0x218 ./Drivers/STM32F3xx_HAL_Driver/Src/stm32f3xx_hal_cortex.o
                              0xa6389 (size before relaxing)
 .debug_str     0x000ad3cc      0x229 ./Drivers/STM32F3xx_HAL_Driver/Src/stm32f3xx_hal_dma.o
                              0xa60bc (size before relaxing)
 .debug_str     0x000ad5f5      0x11e ./Drivers/STM32F3xx_HAL_Driver/Src/stm32f3xx_hal_gpio.o
                              0xa5f53 (size before relaxing)
 .debug_str     0x000ad713      0x2d1 ./Drivers/STM32F3xx_HAL_Driver/Src/stm32f3xx_hal_rcc.o
                              0xa6214 (size before relaxing)
 .debug_str     0x000ad9e4       0xb4 ./Drivers/STM32F3xx_HAL_Driver/Src/stm32f3xx_hal_rcc_ex.o
                              0xa5f13 (size before relaxing)
 .debug_str     0x000ada98      0x537 ./Drivers/STM32F3xx_HAL_Driver/Src/stm32f3xx_hal_spi.o
                              0xa668c (size before relaxing)
 .debug_str     0x000adfcf      0xdd2 ./Drivers/STM32F3xx_HAL_Driver/Src/stm32f3xx_hal_tim.o
                              0xa719b (size before relaxing)
 .debug_str     0x000aeda1      0x4dc ./Drivers/STM32F3xx_HAL_Driver/Src/stm32f3xx_hal_tim_ex.o
                              0xa69f1 (size before relaxing)
 .debug_str     0x000af27d      0x847 ./Drivers/STM32F3xx_HAL_Driver/Src/stm32f3xx_hal_uart.o
                              0xa6a97 (size before relaxing)

.comment        0x00000000       0x43
 .comment       0x00000000       0x43 ./Core/Src/LoRa.o
                                 0x44 (size before relaxing)
 .comment       0x00000043       0x44 ./Core/Src/app_statemachine.o
 .comment       0x00000043       0x44 ./Core/Src/main.o
 .comment       0x00000043       0x44 ./Core/Src/stm32f3xx_hal_msp.o
 .comment       0x00000043       0x44 ./Core/Src/stm32f3xx_it.o
 .comment       0x00000043       0x44 ./Core/Src/system_stm32f3xx.o
 .comment       0x00000043       0x44 ./Drivers/STM32F3xx_HAL_Driver/Src/stm32f3xx_hal.o
 .comment       0x00000043       0x44 ./Drivers/STM32F3xx_HAL_Driver/Src/stm32f3xx_hal_adc.o
 .comment       0x00000043       0x44 ./Drivers/STM32F3xx_HAL_Driver/Src/stm32f3xx_hal_adc_ex.o
 .comment       0x00000043       0x44 ./Drivers/STM32F3xx_HAL_Driver/Src/stm32f3xx_hal_cortex.o
 .comment       0x00000043       0x44 ./Drivers/STM32F3xx_HAL_Driver/Src/stm32f3xx_hal_dma.o
 .comment       0x00000043       0x44 ./Drivers/STM32F3xx_HAL_Driver/Src/stm32f3xx_hal_gpio.o
 .comment       0x00000043       0x44 ./Drivers/STM32F3xx_HAL_Driver/Src/stm32f3xx_hal_rcc.o
 .comment       0x00000043       0x44 ./Drivers/STM32F3xx_HAL_Driver/Src/stm32f3xx_hal_rcc_ex.o
 .comment       0x00000043       0x44 ./Drivers/STM32F3xx_HAL_Driver/Src/stm32f3xx_hal_spi.o
 .comment       0x00000043       0x44 ./Drivers/STM32F3xx_HAL_Driver/Src/stm32f3xx_hal_tim.o
 .comment       0x00000043       0x44 ./Drivers/STM32F3xx_HAL_Driver/Src/stm32f3xx_hal_tim_ex.o
 .comment       0x00000043       0x44 ./Drivers/STM32F3xx_HAL_Driver/Src/stm32f3xx_hal_uart.o

.debug_frame    0x00000000     0x4d18
 .debug_frame   0x00000000      0x338 ./Core/Src/LoRa.o
 .debug_frame   0x00000338       0xf8 ./Core/Src/app_statemachine.o
 .debug_frame   0x00000430      0x190 ./Core/Src/main.o
 .debug_frame   0x000005c0      0x158 ./Core/Src/stm32f3xx_hal_msp.o
 .debug_frame   0x00000718      0x1e4 ./Core/Src/stm32f3xx_it.o
 .debug_frame   0x000008fc       0x58 ./Core/Src/system_stm32f3xx.o
 .debug_frame   0x00000954      0x334 ./Drivers/STM32F3xx_HAL_Driver/Src/stm32f3xx_hal.o
 .debug_frame   0x00000c88      0x380 ./Drivers/STM32F3xx_HAL_Driver/Src/stm32f3xx_hal_adc.o
 .debug_frame   0x00001008      0x638 ./Drivers/STM32F3xx_HAL_Driver/Src/stm32f3xx_hal_adc_ex.o
 .debug_frame   0x00001640      0x428 ./Drivers/STM32F3xx_HAL_Driver/Src/stm32f3xx_hal_cortex.o
 .debug_frame   0x00001a68      0x224 ./Drivers/STM32F3xx_HAL_Driver/Src/stm32f3xx_hal_dma.o
 .debug_frame   0x00001c8c      0x14c ./Drivers/STM32F3xx_HAL_Driver/Src/stm32f3xx_hal_gpio.o
 .debug_frame   0x00001dd8      0x214 ./Drivers/STM32F3xx_HAL_Driver/Src/stm32f3xx_hal_rcc.o
 .debug_frame   0x00001fec       0xac ./Drivers/STM32F3xx_HAL_Driver/Src/stm32f3xx_hal_rcc_ex.o
 .debug_frame   0x00002098      0x860 ./Drivers/STM32F3xx_HAL_Driver/Src/stm32f3xx_hal_spi.o
 .debug_frame   0x000028f8     0x121c ./Drivers/STM32F3xx_HAL_Driver/Src/stm32f3xx_hal_tim.o
 .debug_frame   0x00003b14      0x688 ./Drivers/STM32F3xx_HAL_Driver/Src/stm32f3xx_hal_tim_ex.o
 .debug_frame   0x0000419c      0x9e8 ./Drivers/STM32F3xx_HAL_Driver/Src/stm32f3xx_hal_uart.o
 .debug_frame   0x00004b84       0x20 C:/ST/STM32CubeIDE_1.13.2/STM32CubeIDE/plugins/com.st.stm32cube.ide.mcu.externaltools.gnu-tools-for-stm32.12.3.rel1.win32_1.0.100.202403111256/tools/bin/../lib/gcc/arm-none-eabi/12.3.1/../../../../arm-none-eabi/lib/thumb/v7e-m+fp/hard\libc_nano.a(libc_a-memset.o)
 .debug_frame   0x00004ba4       0x2c C:/ST/STM32CubeIDE_1.13.2/STM32CubeIDE/plugins/com.st.stm32cube.ide.mcu.externaltools.gnu-tools-for-stm32.12.3.rel1.win32_1.0.100.202403111256/tools/bin/../lib/gcc/arm-none-eabi/12.3.1/../../../../arm-none-eabi/lib/thumb/v7e-m+fp/hard\libc_nano.a(libc_a-init.o)
 .debug_frame   0x00004bd0       0x28 C:/ST/STM32CubeIDE_1.13.2/STM32CubeIDE/plugins/com.st.stm32cube.ide.mcu.externaltools.gnu-tools-for-stm32.12.3.rel1.win32_1.0.100.202403111256/tools/bin/../lib/gcc/arm-none-eabi/12.3.1/../../../../arm-none-eabi/lib/thumb/v7e-m+fp/hard\libc_nano.a(libc_a-memcpy-stub.o)
 .debug_frame   0x00004bf8       0xac C:/ST/STM32CubeIDE_1.13.2/STM32CubeIDE/plugins/com.st.stm32cube.ide.mcu.externaltools.gnu-tools-for-stm32.12.3.rel1.win32_1.0.100.202403111256/tools/bin/../lib/gcc/arm-none-eabi/12.3.1/thumb/v7e-m+fp/hard\libgcc.a(_arm_addsubdf3.o)
 .debug_frame   0x00004ca4       0x50 C:/ST/STM32CubeIDE_1.13.2/STM32CubeIDE/plugins/com.st.stm32cube.ide.mcu.externaltools.gnu-tools-for-stm32.12.3.rel1.win32_1.0.100.202403111256/tools/bin/../lib/gcc/arm-none-eabi/12.3.1/thumb/v7e-m+fp/hard\libgcc.a(_arm_muldivdf3.o)
 .debug_frame   0x00004cf4       0x24 C:/ST/STM32CubeIDE_1.13.2/STM32CubeIDE/plugins/com.st.stm32cube.ide.mcu.externaltools.gnu-tools-for-stm32.12.3.rel1.win32_1.0.100.202403111256/tools/bin/../lib/gcc/arm-none-eabi/12.3.1/thumb/v7e-m+fp/hard\libgcc.a(_arm_fixdfsi.o)

.debug_line_str
                0x00000000       0x56
 .debug_line_str
                0x00000000       0x56 ./Core/Startup/startup_stm32f303k8tx.o
