../Core/Src/LoRa.c:19:6:newLoRa	72	static
../Core/Src/LoRa.c:42:6:LoRa_reset	16	static
../Core/Src/LoRa.c:60:6:LoRa_gotoMode	24	static
../Core/Src/LoRa.c:103:6:LoRa_readReg	24	static
../Core/Src/LoRa.c:130:6:LoRa_writeReg	24	static
../Core/Src/LoRa.c:153:6:LoRa_setLowDaraRateOptimization	24	static
../Core/Src/LoRa.c:178:6:LoRa_setAutoLDO	96	static
../Core/Src/LoRa.c:198:6:LoRa_setFrequency	24	static
../Core/Src/LoRa.c:230:6:LoRa_setSpreadingFactor	24	static
../Core/Src/LoRa.c:260:6:LoRa_setPower	16	static
../Core/Src/LoRa.c:276:6:LoRa_setOCP	24	static
../Core/Src/LoRa.c:304:6:LoRa_setTOMsb_setCRCon	24	static
../Core/Src/LoRa.c:325:6:LoRa_setSyncWord	16	static
../Core/Src/LoRa.c:341:9:LoRa_read	32	static
../Core/Src/LoRa.c:364:6:LoRa_write	32	static
../Core/Src/LoRa.c:386:6:LoRa_BurstWrite	32	static
../Core/Src/LoRa.c:415:9:LoRa_isvalid	16	static
../Core/Src/LoRa.c:432:9:LoRa_transmit	32	static
../Core/Src/LoRa.c:469:6:LoRa_startReceiving	16	static
../Core/Src/LoRa.c:485:9:LoRa_receive	48	static
../Core/Src/LoRa.c:518:5:LoRa_getRSSI	24	static
../Core/Src/LoRa.c:534:10:LoRa_init	24	static
