../Core/Src/main.c:77:6:HAL_GPIO_EXTI_Callback	96	static
../Core/Src/main.c:115:5:main	80	static
../Core/Src/main.c:190:6:SystemClock_Config	96	static
../Core/Src/main.c:237:13:MX_ADC1_Init	48	static
../Core/Src/main.c:303:13:MX_ADC2_Init	32	static
../Core/Src/main.c:360:13:MX_SPI1_Init	8	static
../Core/Src/main.c:400:13:MX_TIM1_Init	40	static
../Core/Src/main.c:447:13:MX_USART2_UART_Init	8	static
../Core/Src/main.c:482:13:MX_GPIO_Init	40	static
../Core/Src/main.c:570:6:HAL_TIM_PeriodElapsedCallback	96	static
../Core/Src/main.c:586:6:Error_Handler	4	static,ignoring_inline_asm
